Archive member included to satisfy reference by file (symbol)

/Users/jjulich/.pico-sdk/toolchain/14_2_Rel1/bin/../lib/gcc/arm-none-eabi/14.2.1/thumb/v6-m/nofp/libgcc.a(_dvmd_tls.o)
                              CMakeFiles/pyro_fw_c.dir/Users/jjulich/.pico-sdk/sdk/2.2.0/src/rp2_common/pico_divider/divider_hardware.S.o (__aeabi_idiv0)
/Users/jjulich/.pico-sdk/toolchain/14_2_Rel1/bin/../lib/gcc/arm-none-eabi/14.2.1/../../../../arm-none-eabi/lib/thumb/v6-m/nofp/libg.a(libc_a-calloc.o)
                              CMakeFiles/pyro_fw_c.dir/Users/jjulich/.pico-sdk/sdk/2.2.0/src/rp2_common/pico_malloc/malloc.c.o (calloc)
/Users/jjulich/.pico-sdk/toolchain/14_2_Rel1/bin/../lib/gcc/arm-none-eabi/14.2.1/../../../../arm-none-eabi/lib/thumb/v6-m/nofp/libg.a(libc_a-callocr.o)
                              /Users/jjulich/.pico-sdk/toolchain/14_2_Rel1/bin/../lib/gcc/arm-none-eabi/14.2.1/../../../../arm-none-eabi/lib/thumb/v6-m/nofp/libg.a(libc_a-calloc.o) (_calloc_r)
/Users/jjulich/.pico-sdk/toolchain/14_2_Rel1/bin/../lib/gcc/arm-none-eabi/14.2.1/../../../../arm-none-eabi/lib/thumb/v6-m/nofp/libg.a(libc_a-malloc.o)
                              CMakeFiles/pyro_fw_c.dir/Users/jjulich/.pico-sdk/sdk/2.2.0/src/rp2_common/pico_malloc/malloc.c.o (malloc)
/Users/jjulich/.pico-sdk/toolchain/14_2_Rel1/bin/../lib/gcc/arm-none-eabi/14.2.1/../../../../arm-none-eabi/lib/thumb/v6-m/nofp/libg.a(libc_a-mallocr.o)
                              /Users/jjulich/.pico-sdk/toolchain/14_2_Rel1/bin/../lib/gcc/arm-none-eabi/14.2.1/../../../../arm-none-eabi/lib/thumb/v6-m/nofp/libg.a(libc_a-callocr.o) (_malloc_r)
/Users/jjulich/.pico-sdk/toolchain/14_2_Rel1/bin/../lib/gcc/arm-none-eabi/14.2.1/../../../../arm-none-eabi/lib/thumb/v6-m/nofp/libg.a(libc_a-mlock.o)
                              /Users/jjulich/.pico-sdk/toolchain/14_2_Rel1/bin/../lib/gcc/arm-none-eabi/14.2.1/../../../../arm-none-eabi/lib/thumb/v6-m/nofp/libg.a(libc_a-mallocr.o) (__malloc_lock)
/Users/jjulich/.pico-sdk/toolchain/14_2_Rel1/bin/../lib/gcc/arm-none-eabi/14.2.1/../../../../arm-none-eabi/lib/thumb/v6-m/nofp/libg.a(libc_a-realloc.o)
                              CMakeFiles/pyro_fw_c.dir/Users/jjulich/.pico-sdk/sdk/2.2.0/src/rp2_common/pico_malloc/malloc.c.o (realloc)
/Users/jjulich/.pico-sdk/toolchain/14_2_Rel1/bin/../lib/gcc/arm-none-eabi/14.2.1/../../../../arm-none-eabi/lib/thumb/v6-m/nofp/libg.a(libc_a-reallocr.o)
                              /Users/jjulich/.pico-sdk/toolchain/14_2_Rel1/bin/../lib/gcc/arm-none-eabi/14.2.1/../../../../arm-none-eabi/lib/thumb/v6-m/nofp/libg.a(libc_a-realloc.o) (_realloc_r)
/Users/jjulich/.pico-sdk/toolchain/14_2_Rel1/bin/../lib/gcc/arm-none-eabi/14.2.1/../../../../arm-none-eabi/lib/thumb/v6-m/nofp/libg.a(libc_a-memcmp.o)
                              CMakeFiles/pyro_fw_c.dir/Users/jjulich/.pico-sdk/sdk/2.2.0/src/rp2_common/pico_atomic/atomic.c.o (memcmp)
/Users/jjulich/.pico-sdk/toolchain/14_2_Rel1/bin/../lib/gcc/arm-none-eabi/14.2.1/../../../../arm-none-eabi/lib/thumb/v6-m/nofp/libg.a(libc_a-memmove.o)
                              CMakeFiles/pyro_fw_c.dir/Users/jjulich/.pico-sdk/sdk/2.2.0/lib/tinyusb/src/class/msc/msc_device.c.o (memmove)
/Users/jjulich/.pico-sdk/toolchain/14_2_Rel1/bin/../lib/gcc/arm-none-eabi/14.2.1/../../../../arm-none-eabi/lib/thumb/v6-m/nofp/libg.a(libc_a-lcltime_r.o)
                              CMakeFiles/pyro_fw_c.dir/Users/jjulich/.pico-sdk/sdk/2.2.0/src/common/pico_util/datetime.c.o (localtime_r)
/Users/jjulich/.pico-sdk/toolchain/14_2_Rel1/bin/../lib/gcc/arm-none-eabi/14.2.1/../../../../arm-none-eabi/lib/thumb/v6-m/nofp/libg.a(libc_a-mktime.o)
                              CMakeFiles/pyro_fw_c.dir/Users/jjulich/.pico-sdk/sdk/2.2.0/src/common/pico_util/datetime.c.o (mktime)
/Users/jjulich/.pico-sdk/toolchain/14_2_Rel1/bin/../lib/gcc/arm-none-eabi/14.2.1/../../../../arm-none-eabi/lib/thumb/v6-m/nofp/libg.a(libc_a-month_lengths.o)
                              /Users/jjulich/.pico-sdk/toolchain/14_2_Rel1/bin/../lib/gcc/arm-none-eabi/14.2.1/../../../../arm-none-eabi/lib/thumb/v6-m/nofp/libg.a(libc_a-lcltime_r.o) (__month_lengths)
/Users/jjulich/.pico-sdk/toolchain/14_2_Rel1/bin/../lib/gcc/arm-none-eabi/14.2.1/../../../../arm-none-eabi/lib/thumb/v6-m/nofp/libg.a(libc_a-tzcalc_limits.o)
                              /Users/jjulich/.pico-sdk/toolchain/14_2_Rel1/bin/../lib/gcc/arm-none-eabi/14.2.1/../../../../arm-none-eabi/lib/thumb/v6-m/nofp/libg.a(libc_a-lcltime_r.o) (__tzcalc_limits)
/Users/jjulich/.pico-sdk/toolchain/14_2_Rel1/bin/../lib/gcc/arm-none-eabi/14.2.1/../../../../arm-none-eabi/lib/thumb/v6-m/nofp/libg.a(libc_a-tzlock.o)
                              /Users/jjulich/.pico-sdk/toolchain/14_2_Rel1/bin/../lib/gcc/arm-none-eabi/14.2.1/../../../../arm-none-eabi/lib/thumb/v6-m/nofp/libg.a(libc_a-lcltime_r.o) (__tz_lock)
/Users/jjulich/.pico-sdk/toolchain/14_2_Rel1/bin/../lib/gcc/arm-none-eabi/14.2.1/../../../../arm-none-eabi/lib/thumb/v6-m/nofp/libg.a(libc_a-tzset.o)
[...]
Memory Configuration

Name             Origin             Length             Attributes
FLASH            0x10000000         0x00200000         xr
RAM              0x20000000         0x00040000         xrw
SCRATCH_X        0x20040000         0x00001000         xrw
SCRATCH_Y        0x20041000         0x00001000         xrw
*default*        0x00000000         0xffffffff

Linker script and memory map

LOAD /Users/jjulich/.pico-sdk/toolchain/14_2_Rel1/bin/../lib/gcc/arm-none-eabi/14.2.1/thumb/v6-m/nofp/crti.o
LOAD /Users/jjulich/.pico-sdk/toolchain/14_2_Rel1/bin/../lib/gcc/arm-none-eabi/14.2.1/thumb/v6-m/nofp/crtbegin.o
LOAD /Users/jjulich/.pico-sdk/toolchain/14_2_Rel1/bin/../lib/gcc/arm-none-eabi/14.2.1/../../../../arm-none-eabi/lib/thumb/v6-m/nofp/crt0.o

.flash_begin    0x10000000        0x0
                0x10000000                        __flash_binary_start = .

.boot2          0x10000000      0x100
                0x10000000                        __boot2_start__ = .
 *(.boot2)
 .boot2         0x10000000      0x100 pico-sdk/src/rp2040/boot_stage2/CMakeFiles/bs2_default_library.dir/bs2_default_padded_checksummed.S.o
                0x10000100                        __boot2_end__ = .
                0x00000001                        ASSERT (((__boot2_end__ - __boot2_start__) == 0x100), ERROR: Pico second stage bootloader must be 256 bytes in size)

.text           0x10000100     0x7d04
                0x10000100                        __logical_binary_start = .
 *(.vectors)
 .vectors       0x10000100       0xd4 CMakeFiles/pyro_fw_c.dir/Users/jjulich/.pico-sdk/sdk/2.2.0/src/rp2_common/pico_crt0/crt0.S.o
                0x10000100                __VECTOR_TABLE
                0x10000100                __vectors
                0x100001c0                isr_irq13
                0x100001c0                isr_irq27
                0x100001c0                isr_irq31
                0x100001c0                isr_irq5
                0x100001c0                isr_irq11
                0x100001c0                isr_irq23
                0x100001c0                isr_irq18
                0x100001c0                isr_irq9
                0x100001c0                __unhandled_user_irq
                0x100001c0                isr_irq25
                0x100001c0                isr_irq4
                0x100001c0                isr_irq16
                0x100001c0                isr_irq29
                0x100001c0                isr_irq26
                0x100001c0                isr_irq3
                0x100001c0                isr_irq12
                0x100001c0                isr_irq30
                0x100001c0                isr_irq28
                0x100001c0                isr_irq19
                0x100001c0                isr_irq0
                0x100001c0                isr_irq6
                0x100001c0                isr_irq22
                0x100001c0                isr_irq17
                0x100001c0                isr_irq14
                0x100001c0                __vectors_end
                0x100001c0                __default_isrs_start
                0x100001c0                isr_irq2
                0x100001c0                isr_irq10
                0x100001c0                isr_irq8
                0x100001c0                isr_irq24
                0x100001c0                isr_irq1
                0x100001c0                isr_irq7
                0x100001c0                isr_irq21
                0x100001c0                isr_irq20
                0x100001c0                isr_irq15
                0x100001c6                unhandled_user_irq_num_in_r0
                0x100001c8                isr_invalid
                0x100001ca                isr_nmi
                0x100001cc                isr_hardfault
                0x100001ce                isr_svcall
                0x100001d0                isr_pendsv
                0x100001d2                isr_systick
                0x100001d4                __default_isrs_end
 *(.binary_info_header)
 .binary_info_header
                0x100001d4       0x14 CMakeFiles/pyro_fw_c.dir/Users/jjulich/.pico-sdk/sdk/2.2.0/src/rp2_common/pico_crt0/crt0.S.o
                0x100001e8                        __binary_info_header_end = .
 *(.embedded_block)
                0x100001e8                        __embedded_block_end = .
 *(.reset)
 .reset         0x100001e8       0x9c CMakeFiles/pyro_fw_c.dir/Users/jjulich/.pico-sdk/sdk/2.2.0/src/rp2_common/pico_crt0/crt0.S.o
                0x100001e8                _entry_point
 *(.init)
 .init          0x10000284        0x4 /Users/jjulich/.pico-sdk/toolchain/14_2_Rel1/bin/../lib/gcc/arm-none-eabi/14.2.1/thumb/v6-m/nofp/crti.o
                0x10000284                _init
 *(EXCLUDE_FILE(*libm.a: *libc.a:*lib_a-mem*.o *libgcc.a:) .text*)
 .text.register_tm_clones
                0x10000288       0x28 /Users/jjulich/.pico-sdk/toolchain/14_2_Rel1/bin/../lib/gcc/arm-none-eabi/14.2.1/thumb/v6-m/nofp/crtbegin.o
 .text.frame_dummy
                0x100002b0       0x24 /Users/jjulich/.pico-sdk/toolchain/14_2_Rel1/bin/../lib/gcc/arm-none-eabi/14.2.1/thumb/v6-m/nofp/crtbegin.o
 .text.adc_gpio_init
                0x100002d4       0x20 CMakeFiles/pyro_fw_c.dir/src/flight_controller.c.o
 .text.state_apogee
                0x100002f4      0x104 CMakeFiles/pyro_fw_c.dir/src/flight_controller.c.o
                0x100002f4                state_apogee
 .text.state_landed
                0x100003f8      0x114 CMakeFiles/pyro_fw_c.dir/src/flight_controller.c.o
                0x100003f8                state_landed
 .text.state_pad_idle
                0x1000050c      0x128 CMakeFiles/pyro_fw_c.dir/src/flight_controller.c.o
                0x1000050c                state_pad_idle
 .text.state_launch
                0x10000634      0x150 CMakeFiles/pyro_fw_c.dir/src/flight_controller.c.o
                0x10000634                state_launch
 .text.state_falling
                0x10000784      0x24c CMakeFiles/pyro_fw_c.dir/src/flight_controller.c.o
                0x10000784                state_falling
 .text.check_continuity
                0x100009d0       0xd4 CMakeFiles/pyro_fw_c.dir/src/flight_controller.c.o
                0x100009d0                check_continuity
 .text.send_telemetry
                0x10000aa4      0x194 CMakeFiles/pyro_fw_c.dir/src/flight_controller.c.o
                0x10000aa4                send_telemetry
 .text.startup.main
                0x10000c38      0x288 CMakeFiles/pyro_fw_c.dir/src/flight_controller.c.o
                0x10000c38                main
 .text.pressure_sensor_init
                0x10000ec0       0x4c CMakeFiles/pyro_fw_c.dir/src/pressure_sensor.c.o
                0x10000ec0                pressure_sensor_init
 .text.pressure_sensor_read
                0x10000f0c       0x24 CMakeFiles/pyro_fw_c.dir/src/pressure_sensor.c.o
                0x10000f0c                pressure_sensor_read
 .text.ms5607_detect
                0x10000f30       0xcc CMakeFiles/pyro_fw_c.dir/src/ms5607_driver.c.o
                0x10000f30                ms5607_detect
 .text.ms5607_read
                0x10000ffc      0x1a4 CMakeFiles/pyro_fw_c.dir/src/ms5607_driver.c.o
                0x10000ffc                ms5607_read
 .text.bmp280_detect
                0x100011a0      0x154 CMakeFiles/pyro_fw_c.dir/src/bmp280_driver.c.o
                0x100011a0                bmp280_detect
 .text.bmp280_read
                0x100012f4      0x260 CMakeFiles/pyro_fw_c.dir/src/bmp280_driver.c.o
                0x100012f4                bmp280_read
 .text.gpio_set_function
                0x10001554       0x34 CMakeFiles/pyro_fw_c.dir/Users/jjulich/.pico-sdk/sdk/2.2.0/src/rp2_common/hardware_gpio/gpio.c.o
                0x10001554                gpio_set_function
 .text.gpio_set_pulls
                0x10001588       0x28 CMakeFiles/pyro_fw_c.dir/Users/jjulich/.pico-sdk/sdk/2.2.0/src/rp2_common/hardware_gpio/gpio.c.o
                0x10001588                gpio_set_pulls
 .text.gpio_set_input_enabled
                0x100015b0       0x28 CMakeFiles/pyro_fw_c.dir/Users/jjulich/.pico-sdk/sdk/2.2.0/src/rp2_common/hardware_gpio/gpio.c.o
                0x100015b0                gpio_set_input_enabled
 .text.gpio_init
                0x100015d8       0x40 CMakeFiles/pyro_fw_c.dir/Users/jjulich/.pico-sdk/sdk/2.2.0/src/rp2_common/hardware_gpio/gpio.c.o
                0x100015d8                gpio_init
 .text.panic    0x10001618       0x30 CMakeFiles/pyro_fw_c.dir/Users/jjulich/.pico-sdk/sdk/2.2.0/src/rp2_common/pico_platform_panic/panic.c.o
                0x10001618                panic
 .text.hw_claim_or_assert
                0x10001648       0x44 CMakeFiles/pyro_fw_c.dir/Users/jjulich/.pico-sdk/sdk/2.2.0/src/common/hardware_claim/claim.c.o
                0x10001648                hw_claim_or_assert
 .text.next_striped_spin_lock_num
                0x1000168c       0x18 CMakeFiles/pyro_fw_c.dir/Users/jjulich/.pico-sdk/sdk/2.2.0/src/rp2_common/hardware_sync/sync.c.o
                0x1000168c                next_striped_spin_lock_num
 .text.spin_locks_reset
                0x100016a4       0x1c CMakeFiles/pyro_fw_c.dir/Users/jjulich/.pico-sdk/sdk/2.2.0/src/rp2_common/hardware_sync_spin_lock/sync_spin_lock.c.o
                0x100016a4                spin_locks_reset
 .text.runtime_init_per_core_irq_priorities
                0x100016c0       0x24 CMakeFiles/pyro_fw_c.dir/Users/jjulich/.pico-sdk/sdk/2.2.0/src/rp2_common/hardware_irq/irq.c.o
                0x100016c0                runtime_init_per_core_irq_priorities
 .text.irq_set_enabled
                0x100016e4       0x24 CMakeFiles/pyro_fw_c.dir/Users/jjulich/.pico-sdk/sdk/2.2.0/src/rp2_common/hardware_irq/irq.c.o
                0x100016e4                irq_set_enabled
 .text.irq_set_exclusive_handler
                0x10001708       0x54 CMakeFiles/pyro_fw_c.dir/Users/jjulich/.pico-sdk/sdk/2.2.0/src/rp2_common/hardware_irq/irq.c.o
                0x10001708                irq_set_exclusive_handler
 .text.lock_init
                0x1000175c       0x10 CMakeFiles/pyro_fw_c.dir/Users/jjulich/.pico-sdk/sdk/2.2.0/src/common/pico_sync/lock_core.c.o
                0x1000175c                lock_init
 .text.runtime_init_mutex
                0x1000176c       0x50 CMakeFiles/pyro_fw_c.dir/Users/jjulich/.pico-sdk/sdk/2.2.0/src/common/pico_sync/mutex.c.o
                0x1000176c                runtime_init_mutex
 .text.mutex_init
                0x100017bc       0x1c CMakeFiles/pyro_fw_c.dir/Users/jjulich/.pico-sdk/sdk/2.2.0/src/common/pico_sync/mutex.c.o
                0x100017bc                mutex_init
 .text.sleep_until_callback
                0x100017d8       0x30 CMakeFiles/pyro_fw_c.dir/Users/jjulich/.pico-sdk/sdk/2.2.0/src/common/pico_time/time.c.o
 .text.alarm_pool_irq_handler
                0x10001808      0x300 CMakeFiles/pyro_fw_c.dir/Users/jjulich/.pico-sdk/sdk/2.2.0/src/common/pico_time/time.c.o
 .text.runtime_init_default_alarm_pool
                0x10001b08       0xdc CMakeFiles/pyro_fw_c.dir/Users/jjulich/.pico-sdk/sdk/2.2.0/src/common/pico_time/time.c.o
                0x10001b08                runtime_init_default_alarm_pool
 .text.alarm_pool_get_default
                0x10001be4        0x8 CMakeFiles/pyro_fw_c.dir/Users/jjulich/.pico-sdk/sdk/2.2.0/src/common/pico_time/time.c.o
                0x10001be4                alarm_pool_get_default
 .text.alarm_pool_add_alarm_at_force_in_context
                0x10001bec       0xb0 CMakeFiles/pyro_fw_c.dir/Users/jjulich/.pico-sdk/sdk/2.2.0/src/common/pico_time/time.c.o
                0x10001bec                alarm_pool_add_alarm_at_force_in_context
 .text.alarm_pool_cancel_alarm
                0x10001c9c       0x74 CMakeFiles/pyro_fw_c.dir/Users/jjulich/.pico-sdk/sdk/2.2.0/src/common/pico_time/time.c.o
                0x10001c9c                alarm_pool_cancel_alarm
 .text.alarm_pool_core_num
                0x10001d10        0x4 CMakeFiles/pyro_fw_c.dir/Users/jjulich/.pico-sdk/sdk/2.2.0/src/common/pico_time/time.c.o
                0x10001d10                alarm_pool_core_num
 .text.sleep_ms
                0x10001d14       0xfc CMakeFiles/pyro_fw_c.dir/Users/jjulich/.pico-sdk/sdk/2.2.0/src/common/pico_time/time.c.o
                0x10001d14                sleep_ms
 .text.best_effort_wfe_or_timeout
                0x10001e10      0x10c CMakeFiles/pyro_fw_c.dir/Users/jjulich/.pico-sdk/sdk/2.2.0/src/common/pico_time/time.c.o
                0x10001e10                best_effort_wfe_or_timeout
 .text.timer_hardware_alarm_claim
                0x10001f1c       0x14 CMakeFiles/pyro_fw_c.dir/Users/jjulich/.pico-sdk/sdk/2.2.0/src/rp2_common/hardware_timer/timer.c.o
                0x10001f1c                timer_hardware_alarm_claim
 .text.timer_time_us_64
                0x10001f30       0x10 CMakeFiles/pyro_fw_c.dir/Users/jjulich/.pico-sdk/sdk/2.2.0/src/rp2_common/hardware_timer/timer.c.o
                0x10001f30                timer_time_us_64
 .text.time_us_64
                0x10001f40       0x14 CMakeFiles/pyro_fw_c.dir/Users/jjulich/.pico-sdk/sdk/2.2.0/src/rp2_common/hardware_timer/timer.c.o
                0x10001f40                time_us_64
 .text.busy_wait_us
                0x10001f54       0x68 CMakeFiles/pyro_fw_c.dir/Users/jjulich/.pico-sdk/sdk/2.2.0/src/rp2_common/hardware_timer/timer.c.o
                0x10001f54                busy_wait_us
 .text.busy_wait_until
                0x10001fbc       0x20 CMakeFiles/pyro_fw_c.dir/Users/jjulich/.pico-sdk/sdk/2.2.0/src/rp2_common/hardware_timer/timer.c.o
                0x10001fbc                busy_wait_until
 .text.uart_init
                0x10001fdc      0x120 CMakeFiles/pyro_fw_c.dir/Users/jjulich/.pico-sdk/sdk/2.2.0/src/rp2_common/hardware_uart/uart.c.o
                0x10001fdc                uart_init
 .text.clock_configure_int_divider
                0x100020fc       0xf4 CMakeFiles/pyro_fw_c.dir/Users/jjulich/.pico-sdk/sdk/2.2.0/src/rp2_common/hardware_clocks/clocks.c.o
                0x100020fc                clock_configure_int_divider
 .text.clock_configure_undivided
                0x100021f0       0xe8 CMakeFiles/pyro_fw_c.dir/Users/jjulich/.pico-sdk/sdk/2.2.0/src/rp2_common/hardware_clocks/clocks.c.o
                0x100021f0                clock_configure_undivided
 .text.clock_get_hz
                0x100022d8        0xc CMakeFiles/pyro_fw_c.dir/Users/jjulich/.pico-sdk/sdk/2.2.0/src/rp2_common/hardware_clocks/clocks.c.o
                0x100022d8                clock_get_hz
 .text.pll_init
                0x100022e4       0xa4 CMakeFiles/pyro_fw_c.dir/Users/jjulich/.pico-sdk/sdk/2.2.0/src/rp2_common/hardware_pll/pll.c.o
                0x100022e4                pll_init
 .text.tick_start
                0x10002388       0x10 CMakeFiles/pyro_fw_c.dir/Users/jjulich/.pico-sdk/sdk/2.2.0/src/rp2_common/hardware_ticks/ticks.c.o
                0x10002388                tick_start
 .text.rom_func_lookup
                0x10002398       0x10 CMakeFiles/pyro_fw_c.dir/Users/jjulich/.pico-sdk/sdk/2.2.0/src/rp2_common/pico_bootrom/bootrom.c.o
                0x10002398                rom_func_lookup
 .text.rom_data_lookup
                0x100023a8       0x10 CMakeFiles/pyro_fw_c.dir/Users/jjulich/.pico-sdk/sdk/2.2.0/src/rp2_common/pico_bootrom/bootrom.c.o
                0x100023a8                rom_data_lookup
 .text.rom_funcs_lookup
                0x100023b8       0x44 CMakeFiles/pyro_fw_c.dir/Users/jjulich/.pico-sdk/sdk/2.2.0/src/rp2_common/pico_bootrom/bootrom.c.o
                0x100023b8                rom_funcs_lookup
 .text.xosc_init
                0x100023fc       0x28 CMakeFiles/pyro_fw_c.dir/Users/jjulich/.pico-sdk/sdk/2.2.0/src/rp2_common/hardware_xosc/xosc.c.o
                0x100023fc                xosc_init
 .text.first_per_core_initializer
                0x10002424        0x4 CMakeFiles/pyro_fw_c.dir/Users/jjulich/.pico-sdk/sdk/2.2.0/src/rp2_common/pico_runtime/runtime.c.o
 .text.hard_assertion_failure
                0x10002428        0xc CMakeFiles/pyro_fw_c.dir/Users/jjulich/.pico-sdk/sdk/2.2.0/src/rp2_common/pico_runtime/runtime.c.o
                0x10002428                hard_assertion_failure
 .text.runtime_run_initializers
                0x10002434       0x28 CMakeFiles/pyro_fw_c.dir/Users/jjulich/.pico-sdk/sdk/2.2.0/src/rp2_common/pico_runtime/runtime.c.o
                0x10002434                runtime_run_initializers
 .text.runtime_init_early_resets
                0x1000245c       0x2c CMakeFiles/pyro_fw_c.dir/Users/jjulich/.pico-sdk/sdk/2.2.0/src/rp2_common/pico_runtime_init/runtime_init.c.o
                0x1000245c                runtime_init_early_resets
 .text.runtime_init_usb_power_down
                0x10002488       0x1c CMakeFiles/pyro_fw_c.dir/Users/jjulich/.pico-sdk/sdk/2.2.0/src/rp2_common/pico_runtime_init/runtime_init.c.o
                0x10002488                runtime_init_usb_power_down
 .text.runtime_init_post_clock_resets
                0x100024a4       0x20 CMakeFiles/pyro_fw_c.dir/Users/jjulich/.pico-sdk/sdk/2.2.0/src/rp2_common/pico_runtime_init/runtime_init.c.o
                0x100024a4                runtime_init_post_clock_resets
 .text.runtime_init_rp2040_gpio_ie_disable
                0x100024c4       0x14 CMakeFiles/pyro_fw_c.dir/Users/jjulich/.pico-sdk/sdk/2.2.0/src/rp2_common/pico_runtime_init/runtime_init.c.o
                0x100024c4                runtime_init_rp2040_gpio_ie_disable
 .text.runtime_init_spin_locks_reset
                0x100024d8        0x8 CMakeFiles/pyro_fw_c.dir/Users/jjulich/.pico-sdk/sdk/2.2.0/src/rp2_common/pico_runtime_init/runtime_init.c.o
                0x100024d8                runtime_init_spin_locks_reset
 .text.runtime_init_install_ram_vector_table
                0x100024e0       0xb4 CMakeFiles/pyro_fw_c.dir/Users/jjulich/.pico-sdk/sdk/2.2.0/src/rp2_common/pico_runtime_init/runtime_init.c.o
                0x100024e0                runtime_init_install_ram_vector_table
 .text.runtime_init_clocks
                0x10002594       0xd8 CMakeFiles/pyro_fw_c.dir/Users/jjulich/.pico-sdk/sdk/2.2.0/src/rp2_common/pico_runtime_init/runtime_init_clocks.c.o
                0x10002594                runtime_init_clocks
 .text          0x1000266c       0x10 CMakeFiles/pyro_fw_c.dir/Users/jjulich/.pico-sdk/sdk/2.2.0/src/rp2_common/pico_bit_ops/bit_ops_aeabi.S.o
 .text.__wrap___aeabi_idiv
                0x1000267c       0x50 CMakeFiles/pyro_fw_c.dir/Users/jjulich/.pico-sdk/sdk/2.2.0/src/rp2_common/pico_divider/divider_hardware.S.o
                0x1000267c                __wrap___aeabi_idivmod
                0x1000267c                divmod_s32s32
                0x1000267c                div_s32s32
                0x1000267c                __wrap___aeabi_idiv
                0x10002684                divmod_s32s32_unsafe
                0x100026b0                divmod_s32s32_savestate
 .text.__wrap___aeabi_uidiv
                0x100026cc       0x4c CMakeFiles/pyro_fw_c.dir/Users/jjulich/.pico-sdk/sdk/2.2.0/src/rp2_common/pico_divider/divider_hardware.S.o
                0x100026cc                __wrap___aeabi_uidiv
                0x100026cc                __wrap___aeabi_uidivmod
                0x100026cc                div_u32u32
                0x100026cc                divmod_u32u32
                0x100026d4                divmod_u32u32_unsafe
                0x100026fc                divmod_u32u32_savestate
 .text.__wrap___aeabi_ldiv
                0x10002718      0x424 CMakeFiles/pyro_fw_c.dir/Users/jjulich/.pico-sdk/sdk/2.2.0/src/rp2_common/pico_divider/divider_hardware.S.o
                0x10002718                __wrap___aeabi_ldivmod
                0x10002718                div_s64s64
                0x10002718                divmod_s64s64
                0x10002748                divmod_u64u64
                0x10002748                div_u64u64
                0x10002748                __wrap___aeabi_uldivmod
                0x10002758                divmod_u64u64_savestate
                0x10002778                divmod_s64s64_unsafe
                0x10002800                divmod_u64u64_unsafe
 .text.__wrap___aeabi_darithmetic
                0x10002b3c       0x80 CMakeFiles/pyro_fw_c.dir/Users/jjulich/.pico-sdk/sdk/2.2.0/src/rp2_common/pico_double/double_aeabi_rp2040.S.o
                0x10002b3c                __wrap___aeabi_drsub
                0x10002b42                __wrap___aeabi_dsub
                0x10002b54                __wrap___aeabi_dadd
                0x10002b66                __wrap___aeabi_ddiv
                0x10002ba2                __wrap___aeabi_dmul
 .text.__wrap___aeabi_cdcmple
                0x10002bbc       0x6c CMakeFiles/pyro_fw_c.dir/Users/jjulich/.pico-sdk/sdk/2.2.0/src/rp2_common/pico_double/double_aeabi_rp2040.S.o
                0x10002bbc                __wrap___aeabi_cdrcmple
                0x10002bcc                __wrap___aeabi_cdcmple
                0x10002bcc                __wrap___aeabi_cdcmpeq
 .text.__wrap___aeabi_dcmplt
                0x10002c28        0xc CMakeFiles/pyro_fw_c.dir/Users/jjulich/.pico-sdk/sdk/2.2.0/src/rp2_common/pico_double/double_aeabi_rp2040.S.o
                0x10002c28                __wrap___aeabi_dcmplt
 .text.__wrap___aeabi_dcmple
                0x10002c34       0x10 CMakeFiles/pyro_fw_c.dir/Users/jjulich/.pico-sdk/sdk/2.2.0/src/rp2_common/pico_double/double_aeabi_rp2040.S.o
                0x10002c34                __wrap___aeabi_dcmple
 .text.__wrap___aeabi_dcmpge
                0x10002c44       0x10 CMakeFiles/pyro_fw_c.dir/Users/jjulich/.pico-sdk/sdk/2.2.0/src/rp2_common/pico_double/double_aeabi_rp2040.S.o
                0x10002c44                __wrap___aeabi_dcmpge
 .text.__wrap___aeabi_dcmpgt
                0x10002c54        0xa CMakeFiles/pyro_fw_c.dir/Users/jjulich/.pico-sdk/sdk/2.2.0/src/rp2_common/pico_double/double_aeabi_rp2040.S.o
                0x10002c54                __wrap___aeabi_dcmpgt
 .text.__wrap___aeabi_dcmpun
                0x10002c5e       0x18 CMakeFiles/pyro_fw_c.dir/Users/jjulich/.pico-sdk/sdk/2.2.0/src/rp2_common/pico_double/double_aeabi_rp2040.S.o
                0x10002c5e                __wrap___aeabi_dcmpun
 *fill*         0x10002c76        0x2 
 .text.__wrap___aeabi_i2d
                0x10002c78       0x38 CMakeFiles/pyro_fw_c.dir/Users/jjulich/.pico-sdk/sdk/2.2.0/src/rp2_common/pico_double/double_aeabi_rp2040.S.o
                0x10002c78                __wrap___aeabi_ui2d
                0x10002c78                uint2double
                0x10002c80                __wrap___aeabi_i2d
                0x10002c80                int2double
 .text.__wrap___aeabi_d2iz
                0x10002cb0       0x48 CMakeFiles/pyro_fw_c.dir/Users/jjulich/.pico-sdk/sdk/2.2.0/src/rp2_common/pico_double/double_aeabi_rp2040.S.o
                0x10002cb0                __wrap___aeabi_d2iz
                0x10002cb0                double2int_z
 .text.__wrap___aeabi_d2uiz
                0x10002cf8       0x18 CMakeFiles/pyro_fw_c.dir/Users/jjulich/.pico-sdk/sdk/2.2.0/src/rp2_common/pico_double/double_aeabi_rp2040.S.o
                0x10002cf8                double2uint_z
                0x10002cf8                double2uint
                0x10002cf8                __wrap___aeabi_d2uiz
 .text.__aeabi_double_init
                0x10002d10       0xa4 CMakeFiles/pyro_fw_c.dir/Users/jjulich/.pico-sdk/sdk/2.2.0/src/rp2_common/pico_double/double_init_rom_rp2040.c.o
                0x10002d10                __aeabi_double_init
 .text.double_table_shim_on_use_helper
                0x10002db4       0x2c CMakeFiles/pyro_fw_c.dir/Users/jjulich/.pico-sdk/sdk/2.2.0/src/rp2_common/pico_double/double_v1_rom_shim_rp2040.S.o
                0x10002db4                double_table_shim_on_use_helper
 .text.__wrap___aeabi_dsub
                0x10002de0       0x10 CMakeFiles/pyro_fw_c.dir/Users/jjulich/.pico-sdk/sdk/2.2.0/src/rp2_common/pico_double/double_v1_rom_shim_rp2040.S.o
                0x10002de0                drsub_shim
                0x10002de6                dsub_shim
 .text.dadd_shim
                0x10002df0      0x15c CMakeFiles/pyro_fw_c.dir/Users/jjulich/.pico-sdk/sdk/2.2.0/src/rp2_common/pico_double/double_v1_rom_shim_rp2040.S.o
                0x10002df0                dadd_shim
 .text.dmul_shim
                0x10002f4c      0x15c CMakeFiles/pyro_fw_c.dir/Users/jjulich/.pico-sdk/sdk/2.2.0/src/rp2_common/pico_double/double_v1_rom_shim_rp2040.S.o
                0x10002f4c                dmul_shim
 .text.ddiv_shim
                0x100030a8      0x1b0 CMakeFiles/pyro_fw_c.dir/Users/jjulich/.pico-sdk/sdk/2.2.0/src/rp2_common/pico_double/double_v1_rom_shim_rp2040.S.o
                0x100030a8                ddiv_shim
 .text.double2uint_shim
                0x10003258        0xe CMakeFiles/pyro_fw_c.dir/Users/jjulich/.pico-sdk/sdk/2.2.0/src/rp2_common/pico_double/double_v1_rom_shim_rp2040.S.o
                0x10003258                double2uint_shim
                0x1000325a                double2ufix_shim
 *fill*         0x10003266        0x2 
 .text.double2uint64_shim
                0x10003268       0x70 CMakeFiles/pyro_fw_c.dir/Users/jjulich/.pico-sdk/sdk/2.2.0/src/rp2_common/pico_double/double_v1_rom_shim_rp2040.S.o
                0x10003268                double2uint64_shim
                0x1000326a                double2ufix64_shim
                0x1000328a                d2fix_a
 .text.dunpacks
                0x100032d8       0x3c CMakeFiles/pyro_fw_c.dir/Users/jjulich/.pico-sdk/sdk/2.2.0/src/rp2_common/pico_double/double_v1_rom_shim_rp2040.S.o
                0x100032d8                dunpacks
 .text.__aeabi_lmul
                0x10003314       0x32 CMakeFiles/pyro_fw_c.dir/Users/jjulich/.pico-sdk/sdk/2.2.0/src/rp2_common/pico_int64_ops/pico_int64_ops_aeabi.S.o
                0x10003314                __wrap___aeabi_lmul
 *fill*         0x10003346        0x2 
 .text.__wrap___aeabi_farithmetic
                0x10003348       0x48 CMakeFiles/pyro_fw_c.dir/Users/jjulich/.pico-sdk/sdk/2.2.0/src/rp2_common/pico_float/float_aeabi_rp2040.S.o
                0x10003348                __wrap___aeabi_frsub
                0x1000334e                __wrap___aeabi_fsub
                0x10003354                __wrap___aeabi_fadd
                0x1000335a                __wrap___aeabi_fdiv
                0x10003382                __wrap___aeabi_fmul
 .text.__wrap___aeabi_i2f
                0x10003390       0x44 CMakeFiles/pyro_fw_c.dir/Users/jjulich/.pico-sdk/sdk/2.2.0/src/rp2_common/pico_float/float_aeabi_rp2040.S.o
                0x10003390                int2float
                0x10003390                __wrap___aeabi_i2f
 .text.__wrap___aeabi_f2iz
                0x100033d4       0x4e CMakeFiles/pyro_fw_c.dir/Users/jjulich/.pico-sdk/sdk/2.2.0/src/rp2_common/pico_float/float_aeabi_rp2040.S.o
                0x100033d4                __wrap___aeabi_f2iz
                0x100033d4                float2int_z
 *fill*         0x10003422        0x2 
 .text.float2int
                0x10003424       0x14 CMakeFiles/pyro_fw_c.dir/Users/jjulich/.pico-sdk/sdk/2.2.0/src/rp2_common/pico_float/float_aeabi_rp2040.S.o
                0x10003424                float2int
 .text.__wrap___aeabi_f2uiz
                0x10003438        0xc CMakeFiles/pyro_fw_c.dir/Users/jjulich/.pico-sdk/sdk/2.2.0/src/rp2_common/pico_float/float_aeabi_rp2040.S.o
                0x10003438                float2uint
                0x10003438                float2uint_z
                0x10003438                __wrap___aeabi_f2uiz
 .text.__wrap___aeabi_l2f
                0x10003444       0x20 CMakeFiles/pyro_fw_c.dir/Users/jjulich/.pico-sdk/sdk/2.2.0/src/rp2_common/pico_float/float_aeabi_rp2040.S.o
                0x10003448                int642float
                0x10003448                __wrap___aeabi_l2f
 .text.__aeabi_float_init
                0x10003464       0x64 CMakeFiles/pyro_fw_c.dir/Users/jjulich/.pico-sdk/sdk/2.2.0/src/rp2_common/pico_float/float_init_rom_rp2040.c.o
                0x10003464                __aeabi_float_init
 .text.float_table_shim_on_use_helper
                0x100034c8       0x2c CMakeFiles/pyro_fw_c.dir/Users/jjulich/.pico-sdk/sdk/2.2.0/src/rp2_common/pico_float/float_v1_rom_shim_rp2040.S.o
                0x100034c8                float_table_shim_on_use_helper
 .text.642float_shims
                0x100034f4       0x44 CMakeFiles/pyro_fw_c.dir/Users/jjulich/.pico-sdk/sdk/2.2.0/src/rp2_common/pico_float/float_v1_rom_shim_rp2040.S.o
                0x100034f4                uint642float_shim
                0x100034f6                ufix642float_shim
                0x10003506                int642float_shim
                0x10003508                fix642float_shim
 .text.float232_shims
                0x10003538       0x18 CMakeFiles/pyro_fw_c.dir/Users/jjulich/.pico-sdk/sdk/2.2.0/src/rp2_common/pico_float/float_v1_rom_shim_rp2040.S.o
                0x10003538                float2int_shim
                0x1000353a                float2fix_shim
 .text          0x10003550       0x10 CMakeFiles/pyro_fw_c.dir/Users/jjulich/.pico-sdk/sdk/2.2.0/src/rp2_common/pico_mem_ops/mem_ops_aeabi.S.o
                0x10003550                __aeabi_mem_init
 .text.memset   0x10003560        0xc CMakeFiles/pyro_fw_c.dir/Users/jjulich/.pico-sdk/sdk/2.2.0/src/rp2_common/pico_mem_ops/mem_ops_aeabi.S.o
                0x10003560                __wrap_memset
 .text.memcpy   0x1000356c        0xc CMakeFiles/pyro_fw_c.dir/Users/jjulich/.pico-sdk/sdk/2.2.0/src/rp2_common/pico_mem_ops/mem_ops_aeabi.S.o
                0x1000356c                __wrap___aeabi_memcpy
                0x1000356c                __wrap_memcpy
 .text._out_buffer
                0x10003578        0x8 CMakeFiles/pyro_fw_c.dir/Users/jjulich/.pico-sdk/sdk/2.2.0/src/rp2_common/pico_printf/printf.c.o
 .text._out_null
                0x10003580        0x4 CMakeFiles/pyro_fw_c.dir/Users/jjulich/.pico-sdk/sdk/2.2.0/src/rp2_common/pico_printf/printf.c.o
 .text._out_rev
                0x10003584       0xac CMakeFiles/pyro_fw_c.dir/Users/jjulich/.pico-sdk/sdk/2.2.0/src/rp2_common/pico_printf/printf.c.o
 .text._ntoa_format
                0x10003630      0x1cc CMakeFiles/pyro_fw_c.dir/Users/jjulich/.pico-sdk/sdk/2.2.0/src/rp2_common/pico_printf/printf.c.o
 .text._out_char
                0x100037fc       0x10 CMakeFiles/pyro_fw_c.dir/Users/jjulich/.pico-sdk/sdk/2.2.0/src/rp2_common/pico_printf/printf.c.o
 .text._ftoa    0x1000380c      0x4a8 CMakeFiles/pyro_fw_c.dir/Users/jjulich/.pico-sdk/sdk/2.2.0/src/rp2_common/pico_printf/printf.c.o
 .text._etoa    0x10003cb4      0x57c CMakeFiles/pyro_fw_c.dir/Users/jjulich/.pico-sdk/sdk/2.2.0/src/rp2_common/pico_printf/printf.c.o
 .text._vsnprintf
                0x10004230      0xbe0 CMakeFiles/pyro_fw_c.dir/Users/jjulich/.pico-sdk/sdk/2.2.0/src/rp2_common/pico_printf/printf.c.o
 .text.__wrap_snprintf
                0x10004e10       0x28 CMakeFiles/pyro_fw_c.dir/Users/jjulich/.pico-sdk/sdk/2.2.0/src/rp2_common/pico_printf/printf.c.o
                0x10004e10                __wrap_snprintf
 .text.weak_raw_vprintf
                0x10004e38       0x30 CMakeFiles/pyro_fw_c.dir/Users/jjulich/.pico-sdk/sdk/2.2.0/src/rp2_common/pico_printf/printf.c.o
                0x10004e38                weak_raw_vprintf
 .text._exit    0x10004e68        0x4 CMakeFiles/pyro_fw_c.dir/Users/jjulich/.pico-sdk/sdk/2.2.0/src/rp2_common/pico_clib_interface/newlib_interface.c.o
                0x10004e68                _exit
 .text.exit     0x10004e6c        0x8 CMakeFiles/pyro_fw_c.dir/Users/jjulich/.pico-sdk/sdk/2.2.0/src/rp2_common/pico_clib_interface/newlib_interface.c.o
                0x10004e6c                exit
 .text.runtime_init
                0x10004e74       0x2c CMakeFiles/pyro_fw_c.dir/Users/jjulich/.pico-sdk/sdk/2.2.0/src/rp2_common/pico_clib_interface/newlib_interface.c.o
                0x10004e74                runtime_init
 .text.stdio_out_chars_no_crlf
                0x10004ea0       0x10 CMakeFiles/pyro_fw_c.dir/Users/jjulich/.pico-sdk/sdk/2.2.0/src/rp2_common/pico_stdio/stdio.c.o
 .text.stdio_out_chars_crlf
                0x10004eb0       0xb0 CMakeFiles/pyro_fw_c.dir/Users/jjulich/.pico-sdk/sdk/2.2.0/src/rp2_common/pico_stdio/stdio.c.o
 .text.stdio_put_string
                0x10004f60       0xfc CMakeFiles/pyro_fw_c.dir/Users/jjulich/.pico-sdk/sdk/2.2.0/src/rp2_common/pico_stdio/stdio.c.o
                0x10004f60                stdio_put_string
 .text.stdio_set_driver_enabled
                0x1000505c       0x30 CMakeFiles/pyro_fw_c.dir/Users/jjulich/.pico-sdk/sdk/2.2.0/src/rp2_common/pico_stdio/stdio.c.o
                0x1000505c                stdio_set_driver_enabled
 .text.stdio_init_all
                0x1000508c        0x8 CMakeFiles/pyro_fw_c.dir/Users/jjulich/.pico-sdk/sdk/2.2.0/src/rp2_common/pico_stdio/stdio.c.o
                0x1000508c                stdio_init_all
 .text.__wrap_putchar
                0x10005094       0x94 CMakeFiles/pyro_fw_c.dir/Users/jjulich/.pico-sdk/sdk/2.2.0/src/rp2_common/pico_stdio/stdio.c.o
                0x10005094                stdio_putchar
                0x10005094                __wrap_putchar
 .text.__wrap_puts
                0x10005128       0x3c CMakeFiles/pyro_fw_c.dir/Users/jjulich/.pico-sdk/sdk/2.2.0/src/rp2_common/pico_stdio/stdio.c.o
                0x10005128                __wrap_puts
                0x10005128                stdio_puts
 .text.stdio_usb_set_chars_available_callback
                0x10005164       0x14 CMakeFiles/pyro_fw_c.dir/Users/jjulich/.pico-sdk/sdk/2.2.0/src/rp2_common/pico_stdio_usb/stdio_usb.c.o
                0x10005164                stdio_usb_set_chars_available_callback
 .text.stdio_usb_in_chars
                0x10005178       0x8c CMakeFiles/pyro_fw_c.dir/Users/jjulich/.pico-sdk/sdk/2.2.0/src/rp2_common/pico_stdio_usb/stdio_usb.c.o
                0x10005178                stdio_usb_in_chars
 .text.stdio_usb_out_flush
                0x10005204       0x4c CMakeFiles/pyro_fw_c.dir/Users/jjulich/.pico-sdk/sdk/2.2.0/src/rp2_common/pico_stdio_usb/stdio_usb.c.o
 .text.stdio_usb_out_chars
                0x10005250      0x100 CMakeFiles/pyro_fw_c.dir/Users/jjulich/.pico-sdk/sdk/2.2.0/src/rp2_common/pico_stdio_usb/stdio_usb.c.o
 .text.stdio_usb_init
                0x10005350       0x44 CMakeFiles/pyro_fw_c.dir/Users/jjulich/.pico-sdk/sdk/2.2.0/src/rp2_common/pico_stdio_usb/stdio_usb.c.o
                0x10005350                stdio_usb_init
 .text.startup._retrieve_unique_id_on_boot
                0x10005394       0x10 CMakeFiles/pyro_fw_c.dir/Users/jjulich/.pico-sdk/sdk/2.2.0/src/rp2_common/pico_unique_id/unique_id.c.o
 .text.flash_get_unique_id
                0x100053a4       0x3c CMakeFiles/pyro_fw_c.dir/Users/jjulich/.pico-sdk/sdk/2.2.0/src/rp2_common/hardware_flash/flash.c.o
                0x100053a4                flash_get_unique_id
 .text.dcd_set_address
                0x100053e0       0x14 CMakeFiles/pyro_fw_c.dir/Users/jjulich/.pico-sdk/sdk/2.2.0/lib/tinyusb/src/portable/raspberrypi/rp2040/dcd_rp2040.c.o
                0x100053e0                dcd_set_address
 .text.dcd_sof_enable
                0x100053f4       0x1c CMakeFiles/pyro_fw_c.dir/Users/jjulich/.pico-sdk/sdk/2.2.0/lib/tinyusb/src/portable/raspberrypi/rp2040/dcd_rp2040.c.o
                0x100053f4                dcd_sof_enable
 .text.dcd_edpt0_status_complete
                0x10005410       0x1c CMakeFiles/pyro_fw_c.dir/Users/jjulich/.pico-sdk/sdk/2.2.0/lib/tinyusb/src/portable/raspberrypi/rp2040/dcd_rp2040.c.o
                0x10005410                dcd_edpt0_status_complete
 .text.dcd_edpt_open
                0x1000542c      0x114 CMakeFiles/pyro_fw_c.dir/Users/jjulich/.pico-sdk/sdk/2.2.0/lib/tinyusb/src/portable/raspberrypi/rp2040/dcd_rp2040.c.o
                0x1000542c                dcd_edpt_open
 .text.dcd_edpt_close_all
                0x10005540        0x8 CMakeFiles/pyro_fw_c.dir/Users/jjulich/.pico-sdk/sdk/2.2.0/lib/tinyusb/src/portable/raspberrypi/rp2040/dcd_rp2040.c.o
                0x10005540                dcd_edpt_close_all
 .text.dcd_edpt_xfer
                0x10005548       0x24 CMakeFiles/pyro_fw_c.dir/Users/jjulich/.pico-sdk/sdk/2.2.0/lib/tinyusb/src/portable/raspberrypi/rp2040/dcd_rp2040.c.o
                0x10005548                dcd_edpt_xfer
 .text.dcd_edpt_stall
                0x1000556c       0x3c CMakeFiles/pyro_fw_c.dir/Users/jjulich/.pico-sdk/sdk/2.2.0/lib/tinyusb/src/portable/raspberrypi/rp2040/dcd_rp2040.c.o
                0x1000556c                dcd_edpt_stall
 .text.dcd_edpt_clear_stall
                0x100055a8       0x30 CMakeFiles/pyro_fw_c.dir/Users/jjulich/.pico-sdk/sdk/2.2.0/lib/tinyusb/src/portable/raspberrypi/rp2040/dcd_rp2040.c.o
                0x100055a8                dcd_edpt_clear_stall
 .text.hw_endpoint_xfer_start
                0x100055d8       0x40 CMakeFiles/pyro_fw_c.dir/Users/jjulich/.pico-sdk/sdk/2.2.0/lib/tinyusb/src/portable/raspberrypi/rp2040/rp2040_usb.c.o
                0x100055d8                hw_endpoint_xfer_start
 .text.tud_vendor_control_xfer_cb
                0x10005618        0x4 CMakeFiles/pyro_fw_c.dir/Users/jjulich/.pico-sdk/sdk/2.2.0/lib/tinyusb/src/device/usbd.c.o
                0x10005618                tud_vendor_control_xfer_cb
 .text.tud_event_hook_cb
                0x1000561c        0x4 CMakeFiles/pyro_fw_c.dir/Users/jjulich/.pico-sdk/sdk/2.2.0/lib/tinyusb/src/device/usbd.c.o
                0x1000561c                tud_event_hook_cb
 .text.tud_sof_cb
                0x10005620        0x4 CMakeFiles/pyro_fw_c.dir/Users/jjulich/.pico-sdk/sdk/2.2.0/lib/tinyusb/src/device/usbd.c.o
                0x10005620                tud_sof_cb
 .text.tud_descriptor_bos_cb
                0x10005624        0x4 CMakeFiles/pyro_fw_c.dir/Users/jjulich/.pico-sdk/sdk/2.2.0/lib/tinyusb/src/device/usbd.c.o
                0x10005624                tud_descriptor_bos_cb
 .text.tud_descriptor_device_qualifier_cb
                0x10005628        0x4 CMakeFiles/pyro_fw_c.dir/Users/jjulich/.pico-sdk/sdk/2.2.0/lib/tinyusb/src/device/usbd.c.o
                0x10005628                tud_descriptor_device_qualifier_cb
 .text.tud_descriptor_other_speed_configuration_cb
                0x1000562c        0x4 CMakeFiles/pyro_fw_c.dir/Users/jjulich/.pico-sdk/sdk/2.2.0/lib/tinyusb/src/device/usbd.c.o
                0x1000562c                tud_descriptor_other_speed_configuration_cb
 .text.tud_mount_cb
                0x10005630        0x4 CMakeFiles/pyro_fw_c.dir/Users/jjulich/.pico-sdk/sdk/2.2.0/lib/tinyusb/src/device/usbd.c.o
                0x10005630                tud_mount_cb
 .text.tud_umount_cb
                0x10005634        0x4 CMakeFiles/pyro_fw_c.dir/Users/jjulich/.pico-sdk/sdk/2.2.0/lib/tinyusb/src/device/usbd.c.o
                0x10005634                tud_umount_cb
 .text.tud_suspend_cb
                0x10005638        0x4 CMakeFiles/pyro_fw_c.dir/Users/jjulich/.pico-sdk/sdk/2.2.0/lib/tinyusb/src/device/usbd.c.o
                0x10005638                tud_suspend_cb
 .text.tud_resume_cb
                0x1000563c        0x4 CMakeFiles/pyro_fw_c.dir/Users/jjulich/.pico-sdk/sdk/2.2.0/lib/tinyusb/src/device/usbd.c.o
                0x1000563c                tud_resume_cb
 .text.tud_mounted
                0x10005640       0x10 CMakeFiles/pyro_fw_c.dir/Users/jjulich/.pico-sdk/sdk/2.2.0/lib/tinyusb/src/device/usbd.c.o
                0x10005640                tud_mounted
 .text.tud_suspended
                0x10005650       0x10 CMakeFiles/pyro_fw_c.dir/Users/jjulich/.pico-sdk/sdk/2.2.0/lib/tinyusb/src/device/usbd.c.o
                0x10005650                tud_suspended
 .text.tud_task_ext
                0x10005660      0x800 CMakeFiles/pyro_fw_c.dir/Users/jjulich/.pico-sdk/sdk/2.2.0/lib/tinyusb/src/device/usbd.c.o
                0x10005660                tud_task_ext
 .text.usbd_open_edpt_pair
                0x10005e60       0x9c CMakeFiles/pyro_fw_c.dir/Users/jjulich/.pico-sdk/sdk/2.2.0/lib/tinyusb/src/device/usbd.c.o
                0x10005e60                usbd_open_edpt_pair
 .text.usbd_edpt_open
                0x10005efc       0x34 CMakeFiles/pyro_fw_c.dir/Users/jjulich/.pico-sdk/sdk/2.2.0/lib/tinyusb/src/device/usbd.c.o
                0x10005efc                usbd_edpt_open
 .text.usbd_edpt_claim
                0x10005f30       0x28 CMakeFiles/pyro_fw_c.dir/Users/jjulich/.pico-sdk/sdk/2.2.0/lib/tinyusb/src/device/usbd.c.o
                0x10005f30                usbd_edpt_claim
 .text.usbd_edpt_release
                0x10005f58       0x28 CMakeFiles/pyro_fw_c.dir/Users/jjulich/.pico-sdk/sdk/2.2.0/lib/tinyusb/src/device/usbd.c.o
                0x10005f58                usbd_edpt_release
 .text.usbd_edpt_xfer
                0x10005f80       0x4c CMakeFiles/pyro_fw_c.dir/Users/jjulich/.pico-sdk/sdk/2.2.0/lib/tinyusb/src/device/usbd.c.o
                0x10005f80                usbd_edpt_xfer
 .text.usbd_edpt_busy
                0x10005fcc       0x1c CMakeFiles/pyro_fw_c.dir/Users/jjulich/.pico-sdk/sdk/2.2.0/lib/tinyusb/src/device/usbd.c.o
                0x10005fcc                usbd_edpt_busy
 .text.usbd_edpt_stall
                0x10005fe8       0x38 CMakeFiles/pyro_fw_c.dir/Users/jjulich/.pico-sdk/sdk/2.2.0/lib/tinyusb/src/device/usbd.c.o
                0x10005fe8                usbd_edpt_stall
 .text.usbd_edpt_stalled
                0x10006020       0x1c CMakeFiles/pyro_fw_c.dir/Users/jjulich/.pico-sdk/sdk/2.2.0/lib/tinyusb/src/device/usbd.c.o
                0x10006020                usbd_edpt_stalled
 .text.tud_control_status
                0x1000603c       0x2c CMakeFiles/pyro_fw_c.dir/Users/jjulich/.pico-sdk/sdk/2.2.0/lib/tinyusb/src/device/usbd_control.c.o
                0x1000603c                tud_control_status
 .text.tud_control_xfer
                0x10006068       0xa8 CMakeFiles/pyro_fw_c.dir/Users/jjulich/.pico-sdk/sdk/2.2.0/lib/tinyusb/src/device/usbd_control.c.o
                0x10006068                tud_control_xfer
 .text.usbd_control_reset
                0x10006110       0x14 CMakeFiles/pyro_fw_c.dir/Users/jjulich/.pico-sdk/sdk/2.2.0/lib/tinyusb/src/device/usbd_control.c.o
                0x10006110                usbd_control_reset
 .text.usbd_control_set_complete_callback
                0x10006124        0xc CMakeFiles/pyro_fw_c.dir/Users/jjulich/.pico-sdk/sdk/2.2.0/lib/tinyusb/src/device/usbd_control.c.o
                0x10006124                usbd_control_set_complete_callback
 .text.usbd_control_set_request
                0x10006130       0x1c CMakeFiles/pyro_fw_c.dir/Users/jjulich/.pico-sdk/sdk/2.2.0/lib/tinyusb/src/device/usbd_control.c.o
                0x10006130                usbd_control_set_request
 .text.usbd_control_xfer_cb
                0x1000614c       0xec CMakeFiles/pyro_fw_c.dir/Users/jjulich/.pico-sdk/sdk/2.2.0/lib/tinyusb/src/device/usbd_control.c.o
                0x1000614c                usbd_control_xfer_cb
 .text._prep_out_transaction.isra.0
                0x10006238       0x6c CMakeFiles/pyro_fw_c.dir/Users/jjulich/.pico-sdk/sdk/2.2.0/lib/tinyusb/src/class/cdc/cdc_device.c.o
 .text.tud_cdc_n_connected
                0x100062a4       0x2c CMakeFiles/pyro_fw_c.dir/Users/jjulich/.pico-sdk/sdk/2.2.0/lib/tinyusb/src/class/cdc/cdc_device.c.o
                0x100062a4                tud_cdc_n_connected
 .text.tud_cdc_n_available
                0x100062d0       0x14 CMakeFiles/pyro_fw_c.dir/Users/jjulich/.pico-sdk/sdk/2.2.0/lib/tinyusb/src/class/cdc/cdc_device.c.o
                0x100062d0                tud_cdc_n_available
 .text.tud_cdc_n_read
                0x100062e4       0x88 CMakeFiles/pyro_fw_c.dir/Users/jjulich/.pico-sdk/sdk/2.2.0/lib/tinyusb/src/class/cdc/cdc_device.c.o
                0x100062e4                tud_cdc_n_read
 .text.tud_cdc_n_write_flush
                0x1000636c       0x74 CMakeFiles/pyro_fw_c.dir/Users/jjulich/.pico-sdk/sdk/2.2.0/lib/tinyusb/src/class/cdc/cdc_device.c.o
                0x1000636c                tud_cdc_n_write_flush
 .text.tud_cdc_n_write
                0x100063e0       0x40 CMakeFiles/pyro_fw_c.dir/Users/jjulich/.pico-sdk/sdk/2.2.0/lib/tinyusb/src/class/cdc/cdc_device.c.o
                0x100063e0                tud_cdc_n_write
 .text.tud_cdc_n_write_available
                0x10006420       0x14 CMakeFiles/pyro_fw_c.dir/Users/jjulich/.pico-sdk/sdk/2.2.0/lib/tinyusb/src/class/cdc/cdc_device.c.o
                0x10006420                tud_cdc_n_write_available
 .text.cdcd_init
                0x10006434       0x70 CMakeFiles/pyro_fw_c.dir/Users/jjulich/.pico-sdk/sdk/2.2.0/lib/tinyusb/src/class/cdc/cdc_device.c.o
                0x10006434                cdcd_init
 .text.cdcd_deinit
                0x100064a4       0x30 CMakeFiles/pyro_fw_c.dir/Users/jjulich/.pico-sdk/sdk/2.2.0/lib/tinyusb/src/class/cdc/cdc_device.c.o
                0x100064a4                cdcd_deinit
 .text.cdcd_reset
                0x100064d4       0x4c CMakeFiles/pyro_fw_c.dir/Users/jjulich/.pico-sdk/sdk/2.2.0/lib/tinyusb/src/class/cdc/cdc_device.c.o
                0x100064d4                cdcd_reset
 .text.cdcd_open
                0x10006520       0xa4 CMakeFiles/pyro_fw_c.dir/Users/jjulich/.pico-sdk/sdk/2.2.0/lib/tinyusb/src/class/cdc/cdc_device.c.o
                0x10006520                cdcd_open
 .text.cdcd_control_xfer_cb
                0x100065c4       0xe8 CMakeFiles/pyro_fw_c.dir/Users/jjulich/.pico-sdk/sdk/2.2.0/lib/tinyusb/src/class/cdc/cdc_device.c.o
                0x100065c4                cdcd_control_xfer_cb
 .text.cdcd_xfer_cb
                0x100066ac      0x100 CMakeFiles/pyro_fw_c.dir/Users/jjulich/.pico-sdk/sdk/2.2.0/lib/tinyusb/src/class/cdc/cdc_device.c.o
                0x100066ac                cdcd_xfer_cb
 .text.fail_scsi_op.constprop.0
                0x100067ac       0x50 CMakeFiles/pyro_fw_c.dir/Users/jjulich/.pico-sdk/sdk/2.2.0/lib/tinyusb/src/class/msc/msc_device.c.o
 .text.proc_read10_cmd.constprop.0
                0x100067fc       0xe8 CMakeFiles/pyro_fw_c.dir/Users/jjulich/.pico-sdk/sdk/2.2.0/lib/tinyusb/src/class/msc/msc_device.c.o
 .text.mscd_init
                0x100068e4       0x14 CMakeFiles/pyro_fw_c.dir/Users/jjulich/.pico-sdk/sdk/2.2.0/lib/tinyusb/src/class/msc/msc_device.c.o
                0x100068e4                mscd_init
 .text.mscd_reset
                0x100068f8       0x14 CMakeFiles/pyro_fw_c.dir/Users/jjulich/.pico-sdk/sdk/2.2.0/lib/tinyusb/src/class/msc/msc_device.c.o
                0x100068f8                mscd_reset
 .text.mscd_open
                0x1000690c       0x68 CMakeFiles/pyro_fw_c.dir/Users/jjulich/.pico-sdk/sdk/2.2.0/lib/tinyusb/src/class/msc/msc_device.c.o
                0x1000690c                mscd_open
 .text.mscd_control_xfer_cb
                0x10006974      0x148 CMakeFiles/pyro_fw_c.dir/Users/jjulich/.pico-sdk/sdk/2.2.0/lib/tinyusb/src/class/msc/msc_device.c.o
                0x10006974                mscd_control_xfer_cb
 .text.mscd_xfer_cb
                0x10006abc      0x7e8 CMakeFiles/pyro_fw_c.dir/Users/jjulich/.pico-sdk/sdk/2.2.0/lib/tinyusb/src/class/msc/msc_device.c.o
                0x10006abc                mscd_xfer_cb
 .text.tu_edpt_claim
                0x100072a4       0x50 CMakeFiles/pyro_fw_c.dir/Users/jjulich/.pico-sdk/sdk/2.2.0/lib/tinyusb/src/tusb.c.o
                0x100072a4                tu_edpt_claim
 .text.tu_edpt_release
                0x100072f4       0x38 CMakeFiles/pyro_fw_c.dir/Users/jjulich/.pico-sdk/sdk/2.2.0/lib/tinyusb/src/tusb.c.o
                0x100072f4                tu_edpt_release
 .text.tu_edpt_validate
                0x1000732c       0x7c CMakeFiles/pyro_fw_c.dir/Users/jjulich/.pico-sdk/sdk/2.2.0/lib/tinyusb/src/tusb.c.o
                0x1000732c                tu_edpt_validate
 .text.tu_edpt_bind_driver
                0x100073a8       0x34 CMakeFiles/pyro_fw_c.dir/Users/jjulich/.pico-sdk/sdk/2.2.0/lib/tinyusb/src/tusb.c.o
                0x100073a8                tu_edpt_bind_driver
 .text.tu_fifo_config
                0x100073dc       0x6c CMakeFiles/pyro_fw_c.dir/Users/jjulich/.pico-sdk/sdk/2.2.0/lib/tinyusb/src/common/tusb_fifo.c.o
                0x100073dc                tu_fifo_config
 .text.tu_fifo_count
                0x10007448       0x2c CMakeFiles/pyro_fw_c.dir/Users/jjulich/.pico-sdk/sdk/2.2.0/lib/tinyusb/src/common/tusb_fifo.c.o
                0x10007448                tu_fifo_count
 .text.tu_fifo_empty
                0x10007474       0x10 CMakeFiles/pyro_fw_c.dir/Users/jjulich/.pico-sdk/sdk/2.2.0/lib/tinyusb/src/common/tusb_fifo.c.o
                0x10007474                tu_fifo_empty
 .text.tu_fifo_remaining
                0x10007484       0x2c CMakeFiles/pyro_fw_c.dir/Users/jjulich/.pico-sdk/sdk/2.2.0/lib/tinyusb/src/common/tusb_fifo.c.o
                0x10007484                tu_fifo_remaining
 .text.tu_fifo_read
                0x100074b0       0x9c CMakeFiles/pyro_fw_c.dir/Users/jjulich/.pico-sdk/sdk/2.2.0/lib/tinyusb/src/common/tusb_fifo.c.o
                0x100074b0                tu_fifo_read
 .text.tu_fifo_read_n
                0x1000754c       0xe8 CMakeFiles/pyro_fw_c.dir/Users/jjulich/.pico-sdk/sdk/2.2.0/lib/tinyusb/src/common/tusb_fifo.c.o
                0x1000754c                tu_fifo_read_n
 .text.tu_fifo_write
                0x10007634       0xa4 CMakeFiles/pyro_fw_c.dir/Users/jjulich/.pico-sdk/sdk/2.2.0/lib/tinyusb/src/common/tusb_fifo.c.o
                0x10007634                tu_fifo_write
 .text.tu_fifo_write_n
                0x100076d8      0x178 CMakeFiles/pyro_fw_c.dir/Users/jjulich/.pico-sdk/sdk/2.2.0/lib/tinyusb/src/common/tusb_fifo.c.o
                0x100076d8                tu_fifo_write_n
 .text.tu_fifo_clear
                0x10007850       0x40 CMakeFiles/pyro_fw_c.dir/Users/jjulich/.pico-sdk/sdk/2.2.0/lib/tinyusb/src/common/tusb_fifo.c.o
                0x10007850                tu_fifo_clear
 .text.tu_fifo_set_overwritable
                0x10007890       0x48 CMakeFiles/pyro_fw_c.dir/Users/jjulich/.pico-sdk/sdk/2.2.0/lib/tinyusb/src/common/tusb_fifo.c.o
                0x10007890                tu_fifo_set_overwritable
 .text.i2c_read_blocking_internal.constprop.0
                0x100078d8       0x98 CMakeFiles/pyro_fw_c.dir/Users/jjulich/.pico-sdk/sdk/2.2.0/src/rp2_common/hardware_i2c/i2c.c.o
 .text.i2c_write_blocking_internal.constprop.0
                0x10007970       0xf8 CMakeFiles/pyro_fw_c.dir/Users/jjulich/.pico-sdk/sdk/2.2.0/src/rp2_common/hardware_i2c/i2c.c.o
 .text.i2c_set_baudrate
                0x10007a68       0xc0 CMakeFiles/pyro_fw_c.dir/Users/jjulich/.pico-sdk/sdk/2.2.0/src/rp2_common/hardware_i2c/i2c.c.o
                0x10007a68                i2c_set_baudrate
 .text.i2c_init
                0x10007b28       0x50 CMakeFiles/pyro_fw_c.dir/Users/jjulich/.pico-sdk/sdk/2.2.0/src/rp2_common/hardware_i2c/i2c.c.o
                0x10007b28                i2c_init
 .text.i2c_write_blocking
                0x10007b78       0x14 CMakeFiles/pyro_fw_c.dir/Users/jjulich/.pico-sdk/sdk/2.2.0/src/rp2_common/hardware_i2c/i2c.c.o
                0x10007b78                i2c_write_blocking
 .text.i2c_read_blocking
                0x10007b8c       0x14 CMakeFiles/pyro_fw_c.dir/Users/jjulich/.pico-sdk/sdk/2.2.0/src/rp2_common/hardware_i2c/i2c.c.o
                0x10007b8c                i2c_read_blocking
 .text.adc_init
                0x10007ba0       0x38 CMakeFiles/pyro_fw_c.dir/Users/jjulich/.pico-sdk/sdk/2.2.0/src/rp2_common/hardware_adc/adc.c.o
                0x10007ba0                adc_init
 .text.memmove  0x10007bd8       0xc4 /Users/jjulich/.pico-sdk/toolchain/14_2_Rel1/bin/../lib/gcc/arm-none-eabi/14.2.1/../../../../arm-none-eabi/lib/thumb/v6-m/nofp/libg.a(libc_a-memmove.o)
                0x10007bd8                memmove
 .text.strlen   0x10007c9c       0x5c /Users/jjulich/.pico-sdk/toolchain/14_2_Rel1/bin/../lib/gcc/arm-none-eabi/14.2.1/../../../../arm-none-eabi/lib/thumb/v6-m/nofp/libg.a(libc_a-strlen-stub.o)
                0x10007c9c                strlen
 *(.fini)
 .fini          0x10007cf8        0x4 /Users/jjulich/.pico-sdk/toolchain/14_2_Rel1/bin/../lib/gcc/arm-none-eabi/14.2.1/thumb/v6-m/nofp/crti.o
                0x10007cf8                _fini
 *fill*         0x10007cfc        0x4 
 .fini.__stub   0x10007d00       0xc0 linker stubs
 *crtbegin.o(.ctors)
 *crtbegin?.o(.ctors)
 *(EXCLUDE_FILE(*crtend.o *crtend?.o) .ctors)
 *(SORT_BY_NAME(.ctors.*))
 *(.ctors)
 *crtbegin.o(.dtors)
 *crtbegin?.o(.dtors)
 *(EXCLUDE_FILE(*crtend.o *crtend?.o) .dtors)
 *(SORT_BY_NAME(.dtors.*))
 *(.dtors)
                0x10007dc0                        . = ALIGN (0x4)
                0x10007dc0                        PROVIDE (__preinit_array_start = .)
 *(SORT_BY_NAME(.preinit_array.*))
 .preinit_array.00100
                0x10007dc0        0x4 CMakeFiles/pyro_fw_c.dir/Users/jjulich/.pico-sdk/sdk/2.2.0/src/rp2_common/pico_runtime_init/runtime_init.c.o
                0x10007dc0                __pre_init_runtime_init_early_resets
 .preinit_array.00101
                0x10007dc4        0x4 CMakeFiles/pyro_fw_c.dir/Users/jjulich/.pico-sdk/sdk/2.2.0/src/rp2_common/pico_runtime_init/runtime_init.c.o
                0x10007dc4                __pre_init_runtime_init_usb_power_down
 .preinit_array.00275
                0x10007dc8        0x4 CMakeFiles/pyro_fw_c.dir/Users/jjulich/.pico-sdk/sdk/2.2.0/src/rp2_common/pico_bit_ops/bit_ops_aeabi.S.o
 .preinit_array.00300
                0x10007dcc        0x4 CMakeFiles/pyro_fw_c.dir/Users/jjulich/.pico-sdk/sdk/2.2.0/src/rp2_common/pico_mem_ops/mem_ops_aeabi.S.o
 .preinit_array.00350
                0x10007dd0        0x4 CMakeFiles/pyro_fw_c.dir/Users/jjulich/.pico-sdk/sdk/2.2.0/src/rp2_common/pico_double/double_aeabi_rp2040.S.o
 .preinit_array.00350
                0x10007dd4        0x4 CMakeFiles/pyro_fw_c.dir/Users/jjulich/.pico-sdk/sdk/2.2.0/src/rp2_common/pico_float/float_aeabi_rp2040.S.o
 .preinit_array.00500
                0x10007dd8        0x4 CMakeFiles/pyro_fw_c.dir/Users/jjulich/.pico-sdk/sdk/2.2.0/src/rp2_common/pico_runtime_init/runtime_init.c.o
                0x10007dd8                __pre_init_runtime_init_clocks
 .preinit_array.00600
                0x10007ddc        0x4 CMakeFiles/pyro_fw_c.dir/Users/jjulich/.pico-sdk/sdk/2.2.0/src/rp2_common/pico_runtime_init/runtime_init.c.o
                0x10007ddc                __pre_init_runtime_init_post_clock_resets
 .preinit_array.00700
                0x10007de0        0x4 CMakeFiles/pyro_fw_c.dir/Users/jjulich/.pico-sdk/sdk/2.2.0/src/rp2_common/pico_runtime_init/runtime_init.c.o
                0x10007de0                __pre_init_runtime_init_rp2040_gpio_ie_disable
 .preinit_array.01000
                0x10007de4        0x4 CMakeFiles/pyro_fw_c.dir/Users/jjulich/.pico-sdk/sdk/2.2.0/src/rp2_common/pico_runtime_init/runtime_init.c.o
                0x10007de4                __pre_init_runtime_init_spin_locks_reset
 .preinit_array.01100
                0x10007de8        0x4 CMakeFiles/pyro_fw_c.dir/Users/jjulich/.pico-sdk/sdk/2.2.0/src/common/pico_sync/mutex.c.o
                0x10007de8                __pre_init_runtime_init_mutex
 .preinit_array.10080
                0x10007dec        0x4 CMakeFiles/pyro_fw_c.dir/Users/jjulich/.pico-sdk/sdk/2.2.0/src/rp2_common/pico_runtime_init/runtime_init.c.o
                0x10007dec                __pre_init_runtime_init_install_ram_vector_table
 .preinit_array.11000
                0x10007df0        0x4 CMakeFiles/pyro_fw_c.dir/Users/jjulich/.pico-sdk/sdk/2.2.0/src/common/pico_time/time.c.o
                0x10007df0                __pre_init_runtime_init_default_alarm_pool
 .preinit_array.YYYYY
                0x10007df4        0x4 CMakeFiles/pyro_fw_c.dir/Users/jjulich/.pico-sdk/sdk/2.2.0/src/rp2_common/pico_runtime/runtime.c.o
                0x10007df4                __pre_init_first_per_core_initializer
 .preinit_array.ZZZZZ.01200
                0x10007df8        0x4 CMakeFiles/pyro_fw_c.dir/Users/jjulich/.pico-sdk/sdk/2.2.0/src/rp2_common/hardware_irq/irq.c.o
                0x10007df8                __pre_init_runtime_init_per_core_irq_priorities
 *(.preinit_array)
                0x10007dfc                        PROVIDE (__preinit_array_end = .)
                0x10007dfc                        . = ALIGN (0x4)
                0x10007dfc                        PROVIDE (__init_array_start = .)
 *(SORT_BY_NAME(.init_array.*))
 .init_array.01000
                0x10007dfc        0x4 CMakeFiles/pyro_fw_c.dir/Users/jjulich/.pico-sdk/sdk/2.2.0/src/rp2_common/pico_unique_id/unique_id.c.o
 *(.init_array)
 .init_array    0x10007e00        0x4 /Users/jjulich/.pico-sdk/toolchain/14_2_Rel1/bin/../lib/gcc/arm-none-eabi/14.2.1/thumb/v6-m/nofp/crtbegin.o
                0x10007e04                        PROVIDE (__init_array_end = .)
                0x10007e04                        . = ALIGN (0x4)
                [!provide]                        PROVIDE (__fini_array_start = .)
 *(SORT_BY_NAME(.fini_array.*))
 *(.fini_array)
                [!provide]                        PROVIDE (__fini_array_end = .)
 *(.eh_frame*)
 .eh_frame      0x10007e04        0x0 /Users/jjulich/.pico-sdk/toolchain/14_2_Rel1/bin/../lib/gcc/arm-none-eabi/14.2.1/thumb/v6-m/nofp/crtbegin.o
                0x10007e04                        . = ALIGN (0x4)

.glue_7         0x10007e04        0x0
 .glue_7        0x10007e04        0x0 linker stubs

.glue_7t        0x10007e04        0x0
 .glue_7t       0x10007e04        0x0 linker stubs

.vfp11_veneer   0x10007e04        0x0
 .vfp11_veneer  0x10007e04        0x0 linker stubs

.v4_bx          0x10007e04        0x0
 .v4_bx         0x10007e04        0x0 linker stubs

.iplt           0x10007e04        0x0
 .iplt          0x10007e04        0x0 /Users/jjulich/.pico-sdk/toolchain/14_2_Rel1/bin/../lib/gcc/arm-none-eabi/14.2.1/thumb/v6-m/nofp/crtbegin.o

.rodata         0x10007e08      0x5c4
 *(EXCLUDE_FILE(*libm.a: *libc.a:*lib_a-mem*.o *libgcc.a:) .rodata*)
 .rodata.send_telemetry.str1.4
                0x10007e08      0x1ac CMakeFiles/pyro_fw_c.dir/src/flight_controller.c.o
                                 0x41 (size before relaxing)
 .rodata.CSWTCH.67
                0x10007fb4       0x10 CMakeFiles/pyro_fw_c.dir/src/flight_controller.c.o
 .rodata        0x10007fc4       0x1a CMakeFiles/pyro_fw_c.dir/src/flight_controller.c.o
 .rodata.pressure_sensor_init.str1.4
                0x10007fde       0x68 CMakeFiles/pyro_fw_c.dir/src/pressure_sensor.c.o
 .rodata.panic.str1.4
                0x10007fde       0x12 CMakeFiles/pyro_fw_c.dir/Users/jjulich/.pico-sdk/sdk/2.2.0/src/rp2_common/pico_platform_panic/panic.c.o
 .rodata.timer_hardware_alarm_claim.str1.4
                0x10007fde       0x22 CMakeFiles/pyro_fw_c.dir/Users/jjulich/.pico-sdk/sdk/2.2.0/src/rp2_common/hardware_timer/timer.c.o
 .rodata.hard_assertion_failure.str1.4
                0x10007fde        0xc CMakeFiles/pyro_fw_c.dir/Users/jjulich/.pico-sdk/sdk/2.2.0/src/rp2_common/pico_runtime/runtime.c.o
 .rodata.str1.4
                0x10007fde       0x44 CMakeFiles/pyro_fw_c.dir/Users/jjulich/.pico-sdk/sdk/2.2.0/src/rp2_common/pico_standard_binary_info/standard_binary_info.c.o
 *fill*         0x10007fde        0x2 
 .rodata.__bi_84
                0x10007fe0        0xc CMakeFiles/pyro_fw_c.dir/Users/jjulich/.pico-sdk/sdk/2.2.0/src/rp2_common/pico_standard_binary_info/standard_binary_info.c.o
 .rodata.__bi_78
                0x10007fec        0xc CMakeFiles/pyro_fw_c.dir/Users/jjulich/.pico-sdk/sdk/2.2.0/src/rp2_common/pico_standard_binary_info/standard_binary_info.c.o
 .rodata.__bi_60
                0x10007ff8        0xc CMakeFiles/pyro_fw_c.dir/Users/jjulich/.pico-sdk/sdk/2.2.0/src/rp2_common/pico_standard_binary_info/standard_binary_info.c.o
 .rodata.__bi_54
                0x10008004        0xc CMakeFiles/pyro_fw_c.dir/Users/jjulich/.pico-sdk/sdk/2.2.0/src/rp2_common/pico_standard_binary_info/standard_binary_info.c.o
 .rodata.__bi_48
                0x10008010        0xc CMakeFiles/pyro_fw_c.dir/Users/jjulich/.pico-sdk/sdk/2.2.0/src/rp2_common/pico_standard_binary_info/standard_binary_info.c.o
 .rodata.__bi_42
                0x1000801c        0xc CMakeFiles/pyro_fw_c.dir/Users/jjulich/.pico-sdk/sdk/2.2.0/src/rp2_common/pico_standard_binary_info/standard_binary_info.c.o
 .rodata.__bi_34
                0x10008028        0xc CMakeFiles/pyro_fw_c.dir/Users/jjulich/.pico-sdk/sdk/2.2.0/src/rp2_common/pico_standard_binary_info/standard_binary_info.c.o
 .rodata.__bi_26
                0x10008034        0xc CMakeFiles/pyro_fw_c.dir/Users/jjulich/.pico-sdk/sdk/2.2.0/src/rp2_common/pico_standard_binary_info/standard_binary_info.c.o
 .rodata._ftoa.str1.4
                0x10008040       0x15 CMakeFiles/pyro_fw_c.dir/Users/jjulich/.pico-sdk/sdk/2.2.0/src/rp2_common/pico_printf/printf.c.o
 .rodata._vsnprintf
                0x10008040      0x19c CMakeFiles/pyro_fw_c.dir/Users/jjulich/.pico-sdk/sdk/2.2.0/src/rp2_common/pico_printf/printf.c.o
 *fill*         0x100081dc        0x4 
 .rodata.pow10.0
                0x100081e0       0x50 CMakeFiles/pyro_fw_c.dir/Users/jjulich/.pico-sdk/sdk/2.2.0/src/rp2_common/pico_printf/printf.c.o
 .rodata.crlf_str.0
                0x10008230        0x2 CMakeFiles/pyro_fw_c.dir/Users/jjulich/.pico-sdk/sdk/2.2.0/src/rp2_common/pico_stdio/stdio.c.o
 .rodata.str1.4
                0x10008232       0x13 CMakeFiles/pyro_fw_c.dir/Users/jjulich/.pico-sdk/sdk/2.2.0/src/rp2_common/pico_stdio_usb/stdio_usb.c.o
 *fill*         0x10008232        0x2 
 .rodata.__bi_202.0
                0x10008234        0xc CMakeFiles/pyro_fw_c.dir/Users/jjulich/.pico-sdk/sdk/2.2.0/src/rp2_common/pico_stdio_usb/stdio_usb.c.o
 .rodata.str1.4
                0x10008240       0x48 CMakeFiles/pyro_fw_c.dir/Users/jjulich/.pico-sdk/sdk/2.2.0/lib/tinyusb/src/portable/raspberrypi/rp2040/rp2040_usb.c.o
 .rodata.tud_task_ext
                0x10008240       0x8c CMakeFiles/pyro_fw_c.dir/Users/jjulich/.pico-sdk/sdk/2.2.0/lib/tinyusb/src/device/usbd.c.o
 .rodata        0x100082cc       0x1c CMakeFiles/pyro_fw_c.dir/Users/jjulich/.pico-sdk/sdk/2.2.0/lib/tinyusb/src/device/usbd.c.o
 .rodata._usbd_driver
                0x100082e8       0x40 CMakeFiles/pyro_fw_c.dir/Users/jjulich/.pico-sdk/sdk/2.2.0/lib/tinyusb/src/device/usbd.c.o
 .rodata.mscd_xfer_cb
                0x10008328       0x98 CMakeFiles/pyro_fw_c.dir/Users/jjulich/.pico-sdk/sdk/2.2.0/lib/tinyusb/src/class/msc/msc_device.c.o
 .rodata.str1.4
                0x100083c0        0x4 CMakeFiles/pyro_fw_c.dir/Users/jjulich/.pico-sdk/sdk/2.2.0/lib/tinyusb/hw/bsp/rp2040/family.c.o
 .rodata.__bi_153.0
                0x100083c0        0xc CMakeFiles/pyro_fw_c.dir/Users/jjulich/.pico-sdk/sdk/2.2.0/lib/tinyusb/hw/bsp/rp2040/family.c.o
                0x100083cc                        . = ALIGN (0x4)
 *(SORT_BY_ALIGNMENT(SORT_BY_NAME(.flashdata*)))
                0x100083cc                        . = ALIGN (0x4)

.ARM.extab
 *(.ARM.extab* .gnu.linkonce.armextab.*)
                0x100083cc                        __exidx_start = .

.ARM.exidx
 *(.ARM.exidx* .gnu.linkonce.armexidx.*)
                0x100083cc                        __exidx_end = .
                0x100083cc                        . = ALIGN (0x4)
                0x100083cc                        __binary_info_start = .

.binary_info    0x100083cc       0x28
 *(.binary_info.keep.*)
 .binary_info.keep.__bi_ptr84
                0x100083cc        0x4 CMakeFiles/pyro_fw_c.dir/Users/jjulich/.pico-sdk/sdk/2.2.0/src/rp2_common/pico_standard_binary_info/standard_binary_info.c.o
 .binary_info.keep.__bi_ptr78
                0x100083d0        0x4 CMakeFiles/pyro_fw_c.dir/Users/jjulich/.pico-sdk/sdk/2.2.0/src/rp2_common/pico_standard_binary_info/standard_binary_info.c.o
 .binary_info.keep.__bi_ptr60
                0x100083d4        0x4 CMakeFiles/pyro_fw_c.dir/Users/jjulich/.pico-sdk/sdk/2.2.0/src/rp2_common/pico_standard_binary_info/standard_binary_info.c.o
 .binary_info.keep.__bi_ptr54
                0x100083d8        0x4 CMakeFiles/pyro_fw_c.dir/Users/jjulich/.pico-sdk/sdk/2.2.0/src/rp2_common/pico_standard_binary_info/standard_binary_info.c.o
 .binary_info.keep.__bi_ptr48
                0x100083dc        0x4 CMakeFiles/pyro_fw_c.dir/Users/jjulich/.pico-sdk/sdk/2.2.0/src/rp2_common/pico_standard_binary_info/standard_binary_info.c.o
 .binary_info.keep.__bi_ptr42
                0x100083e0        0x4 CMakeFiles/pyro_fw_c.dir/Users/jjulich/.pico-sdk/sdk/2.2.0/src/rp2_common/pico_standard_binary_info/standard_binary_info.c.o
 .binary_info.keep.__bi_ptr34
                0x100083e4        0x4 CMakeFiles/pyro_fw_c.dir/Users/jjulich/.pico-sdk/sdk/2.2.0/src/rp2_common/pico_standard_binary_info/standard_binary_info.c.o
 .binary_info.keep.__bi_ptr26
                0x100083e8        0x4 CMakeFiles/pyro_fw_c.dir/Users/jjulich/.pico-sdk/sdk/2.2.0/src/rp2_common/pico_standard_binary_info/standard_binary_info.c.o
 .binary_info.keep.__bi_ptr153
                0x100083ec        0x4 CMakeFiles/pyro_fw_c.dir/Users/jjulich/.pico-sdk/sdk/2.2.0/lib/tinyusb/hw/bsp/rp2040/family.c.o
 *(.binary_info.*)
 .binary_info.__bi_ptr202
                0x100083f0        0x4 CMakeFiles/pyro_fw_c.dir/Users/jjulich/.pico-sdk/sdk/2.2.0/src/rp2_common/pico_stdio_usb/stdio_usb.c.o
                0x100083f4                        __binary_info_end = .
                0x100083f4                        . = ALIGN (0x4)

.ram_vector_table
                0x20000000       0xc0
 *(.ram_vector_table)
 .ram_vector_table
                0x20000000       0xc0 CMakeFiles/pyro_fw_c.dir/Users/jjulich/.pico-sdk/sdk/2.2.0/src/rp2_common/pico_runtime_init/runtime_init.c.o
                0x20000000                ram_vector_table

.uninitialized_data
                0x200000c0        0x0
                0x200000c0                        . = ALIGN (0x4)
 *(.uninitialized_data*)

.data           0x200000c0      0x84c load address 0x100083f4
                0x200000c0                        __data_start__ = .
 *(vtable)
 *(.time_critical*)
 .time_critical.mutex_try_enter_block_until
                0x200000c0       0x98 CMakeFiles/pyro_fw_c.dir/Users/jjulich/.pico-sdk/sdk/2.2.0/src/common/pico_sync/mutex.c.o
                0x200000c0                mutex_try_enter_block_until
 .time_critical.mutex_enter_timeout_ms
                0x20000158       0x8c CMakeFiles/pyro_fw_c.dir/Users/jjulich/.pico-sdk/sdk/2.2.0/src/common/pico_sync/mutex.c.o
                0x20000158                mutex_enter_timeout_ms
 .time_critical.mutex_exit
                0x200001e4       0x28 CMakeFiles/pyro_fw_c.dir/Users/jjulich/.pico-sdk/sdk/2.2.0/src/common/pico_sync/mutex.c.o
                0x200001e4                mutex_exit
 .time_critical.flash_init_boot2_copyout
                0x2000020c       0x30 CMakeFiles/pyro_fw_c.dir/Users/jjulich/.pico-sdk/sdk/2.2.0/src/rp2_common/hardware_flash/flash.c.o
 .time_critical.flash_enable_xip_via_boot2
                0x2000023c        0xc CMakeFiles/pyro_fw_c.dir/Users/jjulich/.pico-sdk/sdk/2.2.0/src/rp2_common/hardware_flash/flash.c.o
 .time_critical.flash_save_hardware_state
                0x20000248       0x20 CMakeFiles/pyro_fw_c.dir/Users/jjulich/.pico-sdk/sdk/2.2.0/src/rp2_common/hardware_flash/flash.c.o
 .time_critical.flash_restore_hardware_state
                0x20000268       0x20 CMakeFiles/pyro_fw_c.dir/Users/jjulich/.pico-sdk/sdk/2.2.0/src/rp2_common/hardware_flash/flash.c.o
 .time_critical.flash_cs_force
                0x20000288       0x38 CMakeFiles/pyro_fw_c.dir/Users/jjulich/.pico-sdk/sdk/2.2.0/src/rp2_common/hardware_flash/flash.c.o
 .time_critical.flash_do_cmd
                0x200002c0      0x13c CMakeFiles/pyro_fw_c.dir/Users/jjulich/.pico-sdk/sdk/2.2.0/src/rp2_common/hardware_flash/flash.c.o
                0x200002c0                flash_do_cmd
 .time_critical.reset_non_control_endpoints
                0x200003fc       0x68 CMakeFiles/pyro_fw_c.dir/Users/jjulich/.pico-sdk/sdk/2.2.0/lib/tinyusb/src/portable/raspberrypi/rp2040/dcd_rp2040.c.o
 .time_critical.prepare_ep_buffer
                0x20000464       0xc8 CMakeFiles/pyro_fw_c.dir/Users/jjulich/.pico-sdk/sdk/2.2.0/lib/tinyusb/src/portable/raspberrypi/rp2040/rp2040_usb.c.o
 .time_critical.e15_is_bulkin_ep
                0x2000052c       0x28 CMakeFiles/pyro_fw_c.dir/Users/jjulich/.pico-sdk/sdk/2.2.0/lib/tinyusb/src/portable/raspberrypi/rp2040/rp2040_usb.c.o
 .time_critical.e15_is_critical_frame_period
                0x20000554       0x34 CMakeFiles/pyro_fw_c.dir/Users/jjulich/.pico-sdk/sdk/2.2.0/lib/tinyusb/src/portable/raspberrypi/rp2040/rp2040_usb.c.o
 .time_critical._hw_endpoint_buffer_control_update32
                0x20000588       0x50 CMakeFiles/pyro_fw_c.dir/Users/jjulich/.pico-sdk/sdk/2.2.0/lib/tinyusb/src/portable/raspberrypi/rp2040/rp2040_usb.c.o
                0x20000588                _hw_endpoint_buffer_control_update32
 .time_critical.hw_endpoint_start_next_buffer
                0x200005d8       0x68 CMakeFiles/pyro_fw_c.dir/Users/jjulich/.pico-sdk/sdk/2.2.0/lib/tinyusb/src/portable/raspberrypi/rp2040/rp2040_usb.c.o
                0x200005d8                hw_endpoint_start_next_buffer
 .time_critical.tinyusb
                0x20000640      0x1e4 CMakeFiles/pyro_fw_c.dir/Users/jjulich/.pico-sdk/sdk/2.2.0/lib/tinyusb/src/device/usbd.c.o
                0x20000640                dcd_event_handler
 *(.text*)
 .text          0x20000824        0x4 /Users/jjulich/.pico-sdk/toolchain/14_2_Rel1/bin/../lib/gcc/arm-none-eabi/14.2.1/thumb/v6-m/nofp/libgcc.a(_dvmd_tls.o)
                0x20000824                __aeabi_ldiv0
                0x20000824                __aeabi_idiv0
 .text.__stub   0x20000828       0x70 linker stubs
                0x20000898                        . = ALIGN (0x4)
 *(.rodata*)
                0x20000898                        . = ALIGN (0x4)
 *(.data*)
 .data.striped_spin_lock_num
                0x20000898        0x1 CMakeFiles/pyro_fw_c.dir/Users/jjulich/.pico-sdk/sdk/2.2.0/src/rp2_common/hardware_sync/sync.c.o
 *fill*         0x20000899        0x3 
 .data.default_alarm_pool
                0x2000089c       0x18 CMakeFiles/pyro_fw_c.dir/Users/jjulich/.pico-sdk/sdk/2.2.0/src/common/pico_time/time.c.o
 *fill*         0x200008b4        0xc 
 .data.aeabi_bits_funcs
                0x200008c0       0x10 CMakeFiles/pyro_fw_c.dir/Users/jjulich/.pico-sdk/sdk/2.2.0/src/rp2_common/pico_bit_ops/bit_ops_aeabi.S.o
                0x200008c0                aeabi_bits_funcs
                0x200008d0                aeabi_bits_funcs_end
 .data.aeabi_mem_funcs
                0x200008d0       0x10 CMakeFiles/pyro_fw_c.dir/Users/jjulich/.pico-sdk/sdk/2.2.0/src/rp2_common/pico_mem_ops/mem_ops_aeabi.S.o
                0x200008d0                aeabi_mem_funcs
                0x200008e0                aeabi_mem_funcs_end
 .data.stdio_usb
                0x200008e0       0x18 CMakeFiles/pyro_fw_c.dir/Users/jjulich/.pico-sdk/sdk/2.2.0/src/rp2_common/pico_stdio_usb/stdio_usb.c.o
                0x200008e0                stdio_usb
 .data._usbd_rhport
                0x200008f8        0x1 CMakeFiles/pyro_fw_c.dir/Users/jjulich/.pico-sdk/sdk/2.2.0/lib/tinyusb/src/device/usbd.c.o
 *fill*         0x200008f9        0x3 
 .data.i2c0_inst
                0x200008fc        0x8 CMakeFiles/pyro_fw_c.dir/Users/jjulich/.pico-sdk/sdk/2.2.0/src/rp2_common/hardware_i2c/i2c.c.o
                0x200008fc                i2c0_inst
                0x20000904                        . = ALIGN (0x4)
 *(.after_data.*)
                0x20000904                        . = ALIGN (0x4)
                0x20000904                        PROVIDE (__mutex_array_start = .)
 *(SORT_BY_NAME(.mutex_array.*))
 *(.mutex_array)
 .mutex_array   0x20000904        0x8 CMakeFiles/pyro_fw_c.dir/Users/jjulich/.pico-sdk/sdk/2.2.0/src/rp2_common/pico_stdio/stdio.c.o
                0x2000090c                        PROVIDE (__mutex_array_end = .)
                0x2000090c                        . = ALIGN (0x4)
 *(.jcr)
                0x2000090c                        . = ALIGN (0x4)

.tm_clone_table
                0x2000090c        0x0 load address 0x10008c40
 .tm_clone_table
                0x2000090c        0x0 /Users/jjulich/.pico-sdk/toolchain/14_2_Rel1/bin/../lib/gcc/arm-none-eabi/14.2.1/thumb/v6-m/nofp/crtbegin.o
 .tm_clone_table
                0x2000090c        0x0 /Users/jjulich/.pico-sdk/toolchain/14_2_Rel1/bin/../lib/gcc/arm-none-eabi/14.2.1/thumb/v6-m/nofp/crtend.o

.igot.plt       0x2000090c        0x0 load address 0x10008c40
 .igot.plt      0x2000090c        0x0 /Users/jjulich/.pico-sdk/toolchain/14_2_Rel1/bin/../lib/gcc/arm-none-eabi/14.2.1/thumb/v6-m/nofp/crtbegin.o

.tdata          0x2000090c        0x0 load address 0x10008c40
                0x2000090c                        . = ALIGN (0x4)
 *(.tdata .tdata.* .gnu.linkonce.td.*)
                0x2000090c                        __tdata_end = .
                0x2000090c                        PROVIDE (__data_end__ = .)
                0x100083f4                        __etext = LOADADDR (.data)

.tbss           0x2000090c        0x0 load address 0x10008c40
                0x2000090c                        . = ALIGN (0x4)
                0x2000090c                        __bss_start__ = .
                0x2000090c                        __tls_base = .
 *(.tbss .tbss.* .gnu.linkonce.tb.*)
 *(.tcommon)
                0x2000090c                        __tls_end = .

.bss            0x20000910      0xd98 load address 0x10008c40
                0x20000910                        . = ALIGN (0x4)
                0x20000910                        __tbss_end = .
 *(SORT_BY_ALIGNMENT(SORT_BY_NAME(.bss*)))
 .bss.default_alarm_pool_entries
                0x20000910      0x180 CMakeFiles/pyro_fw_c.dir/Users/jjulich/.pico-sdk/sdk/2.2.0/src/common/pico_time/time.c.o
 .bss.last_avail_time.1
                0x20000a90        0x8 CMakeFiles/pyro_fw_c.dir/Users/jjulich/.pico-sdk/sdk/2.2.0/src/rp2_common/pico_stdio_usb/stdio_usb.c.o
 .bss.sd_table  0x20000a98      0x100 CMakeFiles/pyro_fw_c.dir/Users/jjulich/.pico-sdk/sdk/2.2.0/src/rp2_common/pico_double/double_init_rom_rp2040.c.o
                0x20000a98                sd_table
 .bss.sf_table  0x20000b98      0x100 CMakeFiles/pyro_fw_c.dir/Users/jjulich/.pico-sdk/sdk/2.2.0/src/rp2_common/pico_float/float_init_rom_rp2040.c.o
                0x20000b98                sf_table
 .bss.state_functions
                0x20000c98       0x14 CMakeFiles/pyro_fw_c.dir/src/flight_controller.c.o
 .bss._app_driver
                0x20000cac        0x4 CMakeFiles/pyro_fw_c.dir/Users/jjulich/.pico-sdk/sdk/2.2.0/lib/tinyusb/src/device/usbd.c.o
 .bss._cdcd_epbuf
                0x20000cb0       0x80 CMakeFiles/pyro_fw_c.dir/Users/jjulich/.pico-sdk/sdk/2.2.0/lib/tinyusb/src/class/cdc/cdc_device.c.o
 .bss._cdcd_fifo_cfg
                0x20000d30        0x1 CMakeFiles/pyro_fw_c.dir/Users/jjulich/.pico-sdk/sdk/2.2.0/lib/tinyusb/src/class/cdc/cdc_device.c.o
 *fill*         0x20000d31        0x3 
 .bss._cdcd_itf
                0x20000d34       0xc8 CMakeFiles/pyro_fw_c.dir/Users/jjulich/.pico-sdk/sdk/2.2.0/lib/tinyusb/src/class/cdc/cdc_device.c.o
 .bss._ctrl_epbuf
                0x20000dfc       0x40 CMakeFiles/pyro_fw_c.dir/Users/jjulich/.pico-sdk/sdk/2.2.0/lib/tinyusb/src/device/usbd_control.c.o
 .bss._ctrl_xfer
                0x20000e3c       0x14 CMakeFiles/pyro_fw_c.dir/Users/jjulich/.pico-sdk/sdk/2.2.0/lib/tinyusb/src/device/usbd_control.c.o
 .bss._mscd_epbuf
                0x20000e50      0x200 CMakeFiles/pyro_fw_c.dir/Users/jjulich/.pico-sdk/sdk/2.2.0/lib/tinyusb/src/class/msc/msc_device.c.o
 .bss._mscd_itf
                0x20001050       0x40 CMakeFiles/pyro_fw_c.dir/Users/jjulich/.pico-sdk/sdk/2.2.0/lib/tinyusb/src/class/msc/msc_device.c.o
 .bss._usbd_dev
                0x20001090       0x54 CMakeFiles/pyro_fw_c.dir/Users/jjulich/.pico-sdk/sdk/2.2.0/lib/tinyusb/src/device/usbd.c.o
 .bss._usbd_mutex
                0x200010e4        0x4 CMakeFiles/pyro_fw_c.dir/Users/jjulich/.pico-sdk/sdk/2.2.0/lib/tinyusb/src/device/usbd.c.o
 .bss._usbd_q   0x200010e8        0x4 CMakeFiles/pyro_fw_c.dir/Users/jjulich/.pico-sdk/sdk/2.2.0/lib/tinyusb/src/device/usbd.c.o
 .bss.boot2_copyout
                0x200010ec      0x100 CMakeFiles/pyro_fw_c.dir/Users/jjulich/.pico-sdk/sdk/2.2.0/src/rp2_common/hardware_flash/flash.c.o
 .bss.chars_available_callback
                0x200011ec        0x4 CMakeFiles/pyro_fw_c.dir/Users/jjulich/.pico-sdk/sdk/2.2.0/src/rp2_common/pico_stdio_usb/stdio_usb.c.o
 .bss.chars_available_param
                0x200011f0        0x4 CMakeFiles/pyro_fw_c.dir/Users/jjulich/.pico-sdk/sdk/2.2.0/src/rp2_common/pico_stdio_usb/stdio_usb.c.o
 .bss.claimed   0x200011f4        0x1 CMakeFiles/pyro_fw_c.dir/Users/jjulich/.pico-sdk/sdk/2.2.0/src/rp2_common/hardware_timer/timer.c.o
 *fill*         0x200011f5        0x3 
 .bss.configured_freq
                0x200011f8       0x28 CMakeFiles/pyro_fw_c.dir/Users/jjulich/.pico-sdk/sdk/2.2.0/src/rp2_common/hardware_clocks/clocks.c.o
 .bss.drivers   0x20001220        0x4 CMakeFiles/pyro_fw_c.dir/Users/jjulich/.pico-sdk/sdk/2.2.0/src/rp2_common/pico_stdio/stdio.c.o
 .bss.e15_last_sof
                0x20001224        0x4 CMakeFiles/pyro_fw_c.dir/Users/jjulich/.pico-sdk/sdk/2.2.0/lib/tinyusb/src/portable/raspberrypi/rp2040/rp2040_usb.c.o
                0x20001224                e15_last_sof
 .bss.filter    0x20001228        0x4 CMakeFiles/pyro_fw_c.dir/Users/jjulich/.pico-sdk/sdk/2.2.0/src/rp2_common/pico_stdio/stdio.c.o
 .bss.hw_endpoints
                0x2000122c      0x400 CMakeFiles/pyro_fw_c.dir/Users/jjulich/.pico-sdk/sdk/2.2.0/lib/tinyusb/src/portable/raspberrypi/rp2040/dcd_rp2040.c.o
 .bss.lazy_vsnprintf
                0x2000162c        0x4 CMakeFiles/pyro_fw_c.dir/Users/jjulich/.pico-sdk/sdk/2.2.0/src/rp2_common/pico_printf/printf.c.o
 .bss.next_buffer_ptr
                0x20001630        0x4 CMakeFiles/pyro_fw_c.dir/Users/jjulich/.pico-sdk/sdk/2.2.0/lib/tinyusb/src/portable/raspberrypi/rp2040/dcd_rp2040.c.o
 .bss.object.0  0x20001634       0x18 /Users/jjulich/.pico-sdk/toolchain/14_2_Rel1/bin/../lib/gcc/arm-none-eabi/14.2.1/thumb/v6-m/nofp/crtbegin.o
 .bss.pools     0x2000164c       0x10 CMakeFiles/pyro_fw_c.dir/Users/jjulich/.pico-sdk/sdk/2.2.0/src/common/pico_time/time.c.o
 .bss.prom      0x2000165c       0x10 CMakeFiles/pyro_fw_c.dir/src/ms5607_driver.c.o
 .bss.retrieved_id
                0x2000166c        0x8 CMakeFiles/pyro_fw_c.dir/Users/jjulich/.pico-sdk/sdk/2.2.0/src/rp2_common/pico_unique_id/unique_id.c.o
 .bss.sf_clz_func
                0x20001674        0x4 CMakeFiles/pyro_fw_c.dir/Users/jjulich/.pico-sdk/sdk/2.2.0/src/rp2_common/pico_double/double_init_rom_rp2040.c.o
                0x20001674                sf_clz_func
 .bss.sleep_notifier
                0x20001678        0x4 CMakeFiles/pyro_fw_c.dir/Users/jjulich/.pico-sdk/sdk/2.2.0/src/common/pico_time/time.c.o
 .bss.stdio_usb_mutex
                0x2000167c        0x8 CMakeFiles/pyro_fw_c.dir/Users/jjulich/.pico-sdk/sdk/2.2.0/src/rp2_common/pico_stdio_usb/stdio_usb.c.o
 .bss.uart_char_to_line_feed
                0x20001684        0x4 CMakeFiles/pyro_fw_c.dir/Users/jjulich/.pico-sdk/sdk/2.2.0/src/rp2_common/hardware_uart/uart.c.o
                0x20001684                uart_char_to_line_feed
 .bss.dig_P1    0x20001688        0x2 CMakeFiles/pyro_fw_c.dir/src/bmp280_driver.c.o
 .bss.dig_P2    0x2000168a        0x2 CMakeFiles/pyro_fw_c.dir/src/bmp280_driver.c.o
 .bss.dig_P3    0x2000168c        0x2 CMakeFiles/pyro_fw_c.dir/src/bmp280_driver.c.o
 .bss.dig_P4    0x2000168e        0x2 CMakeFiles/pyro_fw_c.dir/src/bmp280_driver.c.o
 .bss.dig_P5    0x20001690        0x2 CMakeFiles/pyro_fw_c.dir/src/bmp280_driver.c.o
 .bss.dig_P6    0x20001692        0x2 CMakeFiles/pyro_fw_c.dir/src/bmp280_driver.c.o
 .bss.dig_P7    0x20001694        0x2 CMakeFiles/pyro_fw_c.dir/src/bmp280_driver.c.o
 .bss.dig_P8    0x20001696        0x2 CMakeFiles/pyro_fw_c.dir/src/bmp280_driver.c.o
 .bss.dig_P9    0x20001698        0x2 CMakeFiles/pyro_fw_c.dir/src/bmp280_driver.c.o
 .bss.dig_T1    0x2000169a        0x2 CMakeFiles/pyro_fw_c.dir/src/bmp280_driver.c.o
 .bss.dig_T2    0x2000169c        0x2 CMakeFiles/pyro_fw_c.dir/src/bmp280_driver.c.o
 .bss.dig_T3    0x2000169e        0x2 CMakeFiles/pyro_fw_c.dir/src/bmp280_driver.c.o
 .bss._app_driver_count
                0x200016a0        0x1 CMakeFiles/pyro_fw_c.dir/Users/jjulich/.pico-sdk/sdk/2.2.0/lib/tinyusb/src/device/usbd.c.o
 .bss._sof_enable
                0x200016a1        0x1 CMakeFiles/pyro_fw_c.dir/Users/jjulich/.pico-sdk/sdk/2.2.0/lib/tinyusb/src/portable/raspberrypi/rp2040/dcd_rp2040.c.o
 .bss._usbd_queued_setup
                0x200016a2        0x1 CMakeFiles/pyro_fw_c.dir/Users/jjulich/.pico-sdk/sdk/2.2.0/lib/tinyusb/src/device/usbd.c.o
 .bss.bmp280_addr
                0x200016a3        0x1 CMakeFiles/pyro_fw_c.dir/src/bmp280_driver.c.o
 .bss.boot2_copyout_valid
                0x200016a4        0x1 CMakeFiles/pyro_fw_c.dir/Users/jjulich/.pico-sdk/sdk/2.2.0/src/rp2_common/hardware_flash/flash.c.o
 .bss.detected_sensor
                0x200016a5        0x1 CMakeFiles/pyro_fw_c.dir/src/pressure_sensor.c.o
 .bss.ms5607_addr
                0x200016a6        0x1 CMakeFiles/pyro_fw_c.dir/src/ms5607_driver.c.o
 *(COMMON)
                0x200016a8                        . = ALIGN (0x4)
 *fill*         0x200016a7        0x1 
                0x200016a8                        __bss_end__ = .

.heap           0x200016a8      0x800 load address 0x10008c40
                0x200016a8                        __end__ = .
                0x200016a8                        end = __end__
 *(.heap*)
 .heap          0x200016a8      0x800 CMakeFiles/pyro_fw_c.dir/Users/jjulich/.pico-sdk/sdk/2.2.0/src/rp2_common/pico_crt0/crt0.S.o
                0x20040000                        __HeapLimit = (ORIGIN (RAM) + LENGTH (RAM))

.scratch_x      0x20040000        0x0 load address 0x10008c40
                0x20040000                        __scratch_x_start__ = .
 *(.scratch_x.*)
                0x20040000                        . = ALIGN (0x4)
                0x20040000                        __scratch_x_end__ = .
                0x10008c40                        __scratch_x_source__ = LOADADDR (.scratch_x)

.scratch_y      0x20041000        0x0 load address 0x10008c40
                0x20041000                        __scratch_y_start__ = .
 *(.scratch_y.*)
                0x20041000                        . = ALIGN (0x4)
                0x20041000                        __scratch_y_end__ = .
                0x10008c40                        __scratch_y_source__ = LOADADDR (.scratch_y)

.stack1_dummy
 *(.stack1*)

.stack_dummy    0x20041000      0x800
 *(.stack*)
 .stack         0x20041000      0x800 CMakeFiles/pyro_fw_c.dir/Users/jjulich/.pico-sdk/sdk/2.2.0/src/rp2_common/pico_crt0/crt0.S.o

.rel.dyn        0x20041800        0x0
 .rel.iplt      0x20041800        0x0 /Users/jjulich/.pico-sdk/toolchain/14_2_Rel1/bin/../lib/gcc/arm-none-eabi/14.2.1/thumb/v6-m/nofp/crtbegin.o

.flash_end      0x10008c40        0x0
 *(.embedded_end_block*)
                0x10008c40                        PROVIDE (__flash_binary_end = .)
                0x20040000                        __StackLimit = (ORIGIN (RAM) + LENGTH (RAM))
                0x20041000                        __StackOneTop = (ORIGIN (SCRATCH_X) + LENGTH (SCRATCH_X))
                0x20042000                        __StackTop = (ORIGIN (SCRATCH_Y) + LENGTH (SCRATCH_Y))
                0x20041000                        __StackOneBottom = (__StackOneTop - SIZEOF (.stack1_dummy))
                0x20041800                        __StackBottom = (__StackTop - SIZEOF (.stack_dummy))
                0x20042000                        PROVIDE (__stack = __StackTop)
                [!provide]                        PROVIDE (__heap_start = __end__)
                [!provide]                        PROVIDE (__heap_end = __HeapLimit)
                [!provide]                        PROVIDE (__tls_align = MAX (ALIGNOF (.tdata), ALIGNOF (.tbss)))
                [!provide]                        PROVIDE (__tls_size_align = (((__tls_size + __tls_align) - 0x1) & ~ ((__tls_align - 0x1))))
                [!provide]                        PROVIDE (__arm32_tls_tcb_offset = MAX (0x8, __tls_align))
                [!provide]                        PROVIDE (_end = __end__)
                [!provide]                        PROVIDE (__llvm_libc_heap_limit = __HeapLimit)
                0x00000001                        ASSERT ((__StackLimit >= __HeapLimit), region RAM overflowed)
                0x00000001                        ASSERT (((__binary_info_header_end - __logical_binary_start) <= 0x100), Binary info must be in first 256 bytes of the binary)
LOAD CMakeFiles/pyro_fw_c.dir/src/flight_controller.c.o
LOAD CMakeFiles/pyro_fw_c.dir/src/pressure_sensor.c.o
LOAD CMakeFiles/pyro_fw_c.dir/src/ms5607_driver.c.o
LOAD CMakeFiles/pyro_fw_c.dir/src/bmp280_driver.c.o
LOAD CMakeFiles/pyro_fw_c.dir/Users/jjulich/.pico-sdk/sdk/2.2.0/src/rp2_common/pico_stdlib/stdlib.c.o
LOAD CMakeFiles/pyro_fw_c.dir/Users/jjulich/.pico-sdk/sdk/2.2.0/src/rp2_common/hardware_gpio/gpio.c.o
LOAD CMakeFiles/pyro_fw_c.dir/Users/jjulich/.pico-sdk/sdk/2.2.0/src/rp2040/pico_platform/platform.c.o
LOAD CMakeFiles/pyro_fw_c.dir/Users/jjulich/.pico-sdk/sdk/2.2.0/src/rp2_common/pico_platform_common/common.c.o
LOAD CMakeFiles/pyro_fw_c.dir/Users/jjulich/.pico-sdk/sdk/2.2.0/src/rp2_common/pico_platform_panic/panic.c.o
LOAD CMakeFiles/pyro_fw_c.dir/Users/jjulich/.pico-sdk/sdk/2.2.0/src/common/hardware_claim/claim.c.o
LOAD CMakeFiles/pyro_fw_c.dir/Users/jjulich/.pico-sdk/sdk/2.2.0/src/rp2_common/hardware_sync/sync.c.o
LOAD CMakeFiles/pyro_fw_c.dir/Users/jjulich/.pico-sdk/sdk/2.2.0/src/rp2_common/hardware_sync_spin_lock/sync_spin_lock.c.o
LOAD CMakeFiles/pyro_fw_c.dir/Users/jjulich/.pico-sdk/sdk/2.2.0/src/rp2_common/hardware_irq/irq.c.o
LOAD CMakeFiles/pyro_fw_c.dir/Users/jjulich/.pico-sdk/sdk/2.2.0/src/rp2_common/hardware_irq/irq_handler_chain.S.o
LOAD CMakeFiles/pyro_fw_c.dir/Users/jjulich/.pico-sdk/sdk/2.2.0/src/common/pico_sync/sem.c.o
LOAD CMakeFiles/pyro_fw_c.dir/Users/jjulich/.pico-sdk/sdk/2.2.0/src/common/pico_sync/lock_core.c.o
LOAD CMakeFiles/pyro_fw_c.dir/Users/jjulich/.pico-sdk/sdk/2.2.0/src/common/pico_sync/mutex.c.o
LOAD CMakeFiles/pyro_fw_c.dir/Users/jjulich/.pico-sdk/sdk/2.2.0/src/common/pico_sync/critical_section.c.o
LOAD CMakeFiles/pyro_fw_c.dir/Users/jjulich/.pico-sdk/sdk/2.2.0/src/common/pico_time/time.c.o
LOAD CMakeFiles/pyro_fw_c.dir/Users/jjulich/.pico-sdk/sdk/2.2.0/src/common/pico_time/timeout_helper.c.o
LOAD CMakeFiles/pyro_fw_c.dir/Users/jjulich/.pico-sdk/sdk/2.2.0/src/rp2_common/hardware_timer/timer.c.o
LOAD CMakeFiles/pyro_fw_c.dir/Users/jjulich/.pico-sdk/sdk/2.2.0/src/common/pico_util/datetime.c.o
LOAD CMakeFiles/pyro_fw_c.dir/Users/jjulich/.pico-sdk/sdk/2.2.0/src/common/pico_util/pheap.c.o
LOAD CMakeFiles/pyro_fw_c.dir/Users/jjulich/.pico-sdk/sdk/2.2.0/src/common/pico_util/queue.c.o
LOAD CMakeFiles/pyro_fw_c.dir/Users/jjulich/.pico-sdk/sdk/2.2.0/src/rp2_common/hardware_uart/uart.c.o
LOAD CMakeFiles/pyro_fw_c.dir/Users/jjulich/.pico-sdk/sdk/2.2.0/src/rp2_common/hardware_clocks/clocks.c.o
LOAD CMakeFiles/pyro_fw_c.dir/Users/jjulich/.pico-sdk/sdk/2.2.0/src/rp2_common/hardware_pll/pll.c.o
LOAD CMakeFiles/pyro_fw_c.dir/Users/jjulich/.pico-sdk/sdk/2.2.0/src/rp2_common/hardware_vreg/vreg.c.o
LOAD CMakeFiles/pyro_fw_c.dir/Users/jjulich/.pico-sdk/sdk/2.2.0/src/rp2_common/hardware_watchdog/watchdog.c.o
LOAD CMakeFiles/pyro_fw_c.dir/Users/jjulich/.pico-sdk/sdk/2.2.0/src/rp2_common/hardware_ticks/ticks.c.o
LOAD CMakeFiles/pyro_fw_c.dir/Users/jjulich/.pico-sdk/sdk/2.2.0/src/rp2_common/pico_bootrom/bootrom.c.o
LOAD CMakeFiles/pyro_fw_c.dir/Users/jjulich/.pico-sdk/sdk/2.2.0/src/rp2_common/pico_bootrom/bootrom_lock.c.o
LOAD CMakeFiles/pyro_fw_c.dir/Users/jjulich/.pico-sdk/sdk/2.2.0/src/rp2_common/hardware_boot_lock/boot_lock.c.o
LOAD CMakeFiles/pyro_fw_c.dir/Users/jjulich/.pico-sdk/sdk/2.2.0/src/rp2_common/pico_flash/flash.c.o
LOAD CMakeFiles/pyro_fw_c.dir/Users/jjulich/.pico-sdk/sdk/2.2.0/src/rp2_common/hardware_xosc/xosc.c.o
LOAD CMakeFiles/pyro_fw_c.dir/Users/jjulich/.pico-sdk/sdk/2.2.0/src/rp2_common/hardware_divider/divider.S.o
LOAD CMakeFiles/pyro_fw_c.dir/Users/jjulich/.pico-sdk/sdk/2.2.0/src/rp2_common/pico_runtime/runtime.c.o
LOAD CMakeFiles/pyro_fw_c.dir/Users/jjulich/.pico-sdk/sdk/2.2.0/src/rp2_common/pico_runtime_init/runtime_init.c.o
LOAD CMakeFiles/pyro_fw_c.dir/Users/jjulich/.pico-sdk/sdk/2.2.0/src/rp2_common/pico_runtime_init/runtime_init_clocks.c.o
LOAD CMakeFiles/pyro_fw_c.dir/Users/jjulich/.pico-sdk/sdk/2.2.0/src/rp2_common/pico_runtime_init/runtime_init_stack_guard.c.o
LOAD CMakeFiles/pyro_fw_c.dir/Users/jjulich/.pico-sdk/sdk/2.2.0/src/rp2_common/pico_bit_ops/bit_ops_aeabi.S.o
LOAD CMakeFiles/pyro_fw_c.dir/Users/jjulich/.pico-sdk/sdk/2.2.0/src/rp2_common/pico_divider/divider_hardware.S.o
LOAD CMakeFiles/pyro_fw_c.dir/Users/jjulich/.pico-sdk/sdk/2.2.0/src/rp2_common/pico_double/double_aeabi_rp2040.S.o
LOAD CMakeFiles/pyro_fw_c.dir/Users/jjulich/.pico-sdk/sdk/2.2.0/src/rp2_common/pico_double/double_init_rom_rp2040.c.o
LOAD CMakeFiles/pyro_fw_c.dir/Users/jjulich/.pico-sdk/sdk/2.2.0/src/rp2_common/pico_double/double_math.c.o
LOAD CMakeFiles/pyro_fw_c.dir/Users/jjulich/.pico-sdk/sdk/2.2.0/src/rp2_common/pico_double/double_v1_rom_shim_rp2040.S.o
LOAD CMakeFiles/pyro_fw_c.dir/Users/jjulich/.pico-sdk/sdk/2.2.0/src/rp2_common/pico_int64_ops/pico_int64_ops_aeabi.S.o
LOAD CMakeFiles/pyro_fw_c.dir/Users/jjulich/.pico-sdk/sdk/2.2.0/src/rp2_common/pico_float/float_aeabi_rp2040.S.o
LOAD CMakeFiles/pyro_fw_c.dir/Users/jjulich/.pico-sdk/sdk/2.2.0/src/rp2_common/pico_float/float_init_rom_rp2040.c.o
LOAD CMakeFiles/pyro_fw_c.dir/Users/jjulich/.pico-sdk/sdk/2.2.0/src/rp2_common/pico_float/float_math.c.o
LOAD CMakeFiles/pyro_fw_c.dir/Users/jjulich/.pico-sdk/sdk/2.2.0/src/rp2_common/pico_float/float_v1_rom_shim_rp2040.S.o
LOAD CMakeFiles/pyro_fw_c.dir/Users/jjulich/.pico-sdk/sdk/2.2.0/src/rp2_common/pico_malloc/malloc.c.o
LOAD CMakeFiles/pyro_fw_c.dir/Users/jjulich/.pico-sdk/sdk/2.2.0/src/rp2_common/pico_mem_ops/mem_ops_aeabi.S.o
LOAD CMakeFiles/pyro_fw_c.dir/Users/jjulich/.pico-sdk/sdk/2.2.0/src/rp2_common/pico_atomic/atomic.c.o
LOAD CMakeFiles/pyro_fw_c.dir/Users/jjulich/.pico-sdk/sdk/2.2.0/src/rp2_common/pico_cxx_options/new_delete.cpp.o
LOAD CMakeFiles/pyro_fw_c.dir/Users/jjulich/.pico-sdk/sdk/2.2.0/src/rp2_common/pico_standard_binary_info/standard_binary_info.c.o
LOAD CMakeFiles/pyro_fw_c.dir/Users/jjulich/.pico-sdk/sdk/2.2.0/src/rp2_common/pico_printf/printf.c.o
LOAD CMakeFiles/pyro_fw_c.dir/Users/jjulich/.pico-sdk/sdk/2.2.0/src/rp2_common/pico_crt0/crt0.S.o
LOAD CMakeFiles/pyro_fw_c.dir/Users/jjulich/.pico-sdk/sdk/2.2.0/src/rp2_common/pico_clib_interface/newlib_interface.c.o
LOAD CMakeFiles/pyro_fw_c.dir/Users/jjulich/.pico-sdk/sdk/2.2.0/src/rp2_common/pico_stdio/stdio.c.o
LOAD CMakeFiles/pyro_fw_c.dir/Users/jjulich/.pico-sdk/sdk/2.2.0/src/rp2_common/pico_stdio_usb/reset_interface.c.o
LOAD CMakeFiles/pyro_fw_c.dir/Users/jjulich/.pico-sdk/sdk/2.2.0/src/rp2_common/pico_stdio_usb/stdio_usb.c.o
LOAD CMakeFiles/pyro_fw_c.dir/Users/jjulich/.pico-sdk/sdk/2.2.0/src/rp2_common/pico_stdio_usb/stdio_usb_descriptors.c.o
LOAD CMakeFiles/pyro_fw_c.dir/Users/jjulich/.pico-sdk/sdk/2.2.0/src/rp2_common/pico_unique_id/unique_id.c.o
LOAD CMakeFiles/pyro_fw_c.dir/Users/jjulich/.pico-sdk/sdk/2.2.0/src/rp2_common/hardware_flash/flash.c.o
LOAD CMakeFiles/pyro_fw_c.dir/Users/jjulich/.pico-sdk/sdk/2.2.0/src/rp2_common/hardware_xip_cache/xip_cache.c.o
LOAD CMakeFiles/pyro_fw_c.dir/Users/jjulich/.pico-sdk/sdk/2.2.0/lib/tinyusb/src/portable/raspberrypi/rp2040/dcd_rp2040.c.o
LOAD CMakeFiles/pyro_fw_c.dir/Users/jjulich/.pico-sdk/sdk/2.2.0/lib/tinyusb/src/portable/raspberrypi/rp2040/rp2040_usb.c.o
LOAD CMakeFiles/pyro_fw_c.dir/Users/jjulich/.pico-sdk/sdk/2.2.0/lib/tinyusb/src/device/usbd.c.o
LOAD CMakeFiles/pyro_fw_c.dir/Users/jjulich/.pico-sdk/sdk/2.2.0/lib/tinyusb/src/device/usbd_control.c.o
LOAD CMakeFiles/pyro_fw_c.dir/Users/jjulich/.pico-sdk/sdk/2.2.0/lib/tinyusb/src/class/audio/audio_device.c.o
LOAD CMakeFiles/pyro_fw_c.dir/Users/jjulich/.pico-sdk/sdk/2.2.0/lib/tinyusb/src/class/cdc/cdc_device.c.o
LOAD CMakeFiles/pyro_fw_c.dir/Users/jjulich/.pico-sdk/sdk/2.2.0/lib/tinyusb/src/class/dfu/dfu_device.c.o
LOAD CMakeFiles/pyro_fw_c.dir/Users/jjulich/.pico-sdk/sdk/2.2.0/lib/tinyusb/src/class/dfu/dfu_rt_device.c.o
LOAD CMakeFiles/pyro_fw_c.dir/Users/jjulich/.pico-sdk/sdk/2.2.0/lib/tinyusb/src/class/hid/hid_device.c.o
LOAD CMakeFiles/pyro_fw_c.dir/Users/jjulich/.pico-sdk/sdk/2.2.0/lib/tinyusb/src/class/midi/midi_device.c.o
LOAD CMakeFiles/pyro_fw_c.dir/Users/jjulich/.pico-sdk/sdk/2.2.0/lib/tinyusb/src/class/msc/msc_device.c.o
LOAD CMakeFiles/pyro_fw_c.dir/Users/jjulich/.pico-sdk/sdk/2.2.0/lib/tinyusb/src/class/net/ecm_rndis_device.c.o
LOAD CMakeFiles/pyro_fw_c.dir/Users/jjulich/.pico-sdk/sdk/2.2.0/lib/tinyusb/src/class/net/ncm_device.c.o
LOAD CMakeFiles/pyro_fw_c.dir/Users/jjulich/.pico-sdk/sdk/2.2.0/lib/tinyusb/src/class/usbtmc/usbtmc_device.c.o
LOAD CMakeFiles/pyro_fw_c.dir/Users/jjulich/.pico-sdk/sdk/2.2.0/lib/tinyusb/src/class/vendor/vendor_device.c.o
LOAD CMakeFiles/pyro_fw_c.dir/Users/jjulich/.pico-sdk/sdk/2.2.0/lib/tinyusb/src/class/video/video_device.c.o
LOAD CMakeFiles/pyro_fw_c.dir/Users/jjulich/.pico-sdk/sdk/2.2.0/lib/tinyusb/src/tusb.c.o
LOAD CMakeFiles/pyro_fw_c.dir/Users/jjulich/.pico-sdk/sdk/2.2.0/lib/tinyusb/src/common/tusb_fifo.c.o
LOAD CMakeFiles/pyro_fw_c.dir/Users/jjulich/.pico-sdk/sdk/2.2.0/src/rp2_common/pico_fix/rp2040_usb_device_enumeration/rp2040_usb_device_enumeration.c.o
LOAD CMakeFiles/pyro_fw_c.dir/Users/jjulich/.pico-sdk/sdk/2.2.0/src/rp2_common/hardware_i2c/i2c.c.o
LOAD CMakeFiles/pyro_fw_c.dir/Users/jjulich/.pico-sdk/sdk/2.2.0/src/rp2_common/hardware_adc/adc.c.o
LOAD CMakeFiles/pyro_fw_c.dir/Users/jjulich/.pico-sdk/sdk/2.2.0/lib/tinyusb/hw/bsp/rp2040/family.c.o
LOAD pico-sdk/src/rp2040/boot_stage2/CMakeFiles/bs2_default_library.dir/bs2_default_padded_checksummed.S.o
LOAD liblittlefs_lib.a
LOAD /Users/jjulich/.pico-sdk/toolchain/14_2_Rel1/bin/../lib/gcc/arm-none-eabi/14.2.1/../../../../arm-none-eabi/lib/thumb/v6-m/nofp/libstdc++.a
LOAD /Users/jjulich/.pico-sdk/toolchain/14_2_Rel1/bin/../lib/gcc/arm-none-eabi/14.2.1/../../../../arm-none-eabi/lib/thumb/v6-m/nofp/libm.a
START GROUP
LOAD /Users/jjulich/.pico-sdk/toolchain/14_2_Rel1/bin/../lib/gcc/arm-none-eabi/14.2.1/thumb/v6-m/nofp/libgcc.a
LOAD /Users/jjulich/.pico-sdk/toolchain/14_2_Rel1/bin/../lib/gcc/arm-none-eabi/14.2.1/../../../../arm-none-eabi/lib/thumb/v6-m/nofp/libg.a